{
  "requestedRoute": "http://127.0.0.1:8110/?kaminos_volume_smoke=1&volume_scene=tall_plume&volume_density=6&volume_fire=3.5&volume_radiance=2.55&volume_absorption=1.95&volume_glow=2.35&volume_smoke=2.8&volume_curl=3.65&volume_microdetail=2.5&volume_interface_shred=5&volume_fire_licks=5&volume_projection=1.5&volume_speed=3.45&volume_fire_scale=0.52&volume_detail_scale=1.85&volume_plume_height=1.85&volume_wind_strength=1.5&volume_wind_angle=-65&volume_wind_height=-0.65&volume_input_radius=0.2&volume_flow_rate=0.25&volume_steps=160&volume_adaptive_rays=0.05&volume_occupancy_skip=0.05&volume_majorant_skip=0.45&volume_majorant_smooth=0&volume_majorant_guard=1&volume_temporal_accum=0&volume_temporal_jitter=0&volume_history_clamp=1&volume_render_scale=0.7&volume_resolution=128&volume_majorant_grid=48&volume_pyro_detail=1&volume_pyro_material_gain=1.5&volume_pyro_interface_focus=0&volume_pyro_edge_bite=1&volume_pyro_bite_border=0.45&volume_pyro_bite_teeth=0.6&volume_pyro_bite_wake=1&volume_pyro_bite_height=0.35&volume_pyro_bite_fire_lock=0.75&volume_pyro_bite_heat=0&volume_pyro_bite_chroma=0.6&volume_pyro_smoke_fold=0.35&volume_pyro_fold_border=1&volume_pyro_fold_wake=1&volume_pyro_wake_lift=0.45&volume_pyro_wake_warmth=0.35&volume_pyro_radiance=6.1&volume_pyro_radiance_gate=1&volume_pyro_radiance_spill=0.9&volume_pyro_radiance_warmth=0.75&volume_pyro_radiance_hue=0.05&volume_pyro_radiance_chroma=1&volume_pyro_radiance_source=mixed&volume_pyro_radiance_height=0.45&volume_pyro_diagnostic_paint=0&volume_pyro_carrier_view=normal&volume_pyro_overdrive=8&volume_pressure_mode=global-p3&volume_quality_reason=pyro-carrier-router-hot-witness-0703",
  "windowSize": "1280,960",
  "evidenceMode": "fire-volume",
  "visualEvidenceMode": "fire-volume",
  "phase": "gpu-readback",
  "error": "GPU sim readback does not show a transported fire layer: {\"grid\":128,\"gridLabel\":\"128^3 velocity-material-fire-microdetail-storage-buffer+combustion-front-topology-sidecar-v0\",\"frontFieldIdentity\":\"combustion-front-topology-sidecar-v0\",\"frontFieldBytes\":8388608,\"frontFieldReadIndex\":0,\"frontFieldWriteIndex\":1,\"frontFieldProjectionPassthrough\":true,\"samples\":6035,\"densityMean\":0.008117106526913364,\"densityMax\":0.274115195274353,\"heatMean\":0.009445109973663079,\"fuelMean\":0.003526270471850355,\"reactionMean\":0.004799246710992332,\"fuelConsumptionMean\":0.0001151819210638159,\"fireFuelOverlapRatio\":0.9834479796959147,\"detailMean\":0.009840625959918343,\"fireLayerMean\":0.0001564197788395598,\"emissionDetailMean\":0.00006707400784849638,\"combustionFrontMean\":0.00003050273797056852,\"frontTopologyMean\":0.00009681446180689898,\"radianceMean\":0.0011945625459652612,\"extinctionMean\":0.011619997102790373,\"microdetailMean\":0.009122984318711929,\"interfaceShredMean\":0.00405757596376923,\"fireLickMean\":0.00021135811816455066,\"velocityMean\":0.0352392156627833,\"curlMean\":0.008736710749842589,\"curlMax\":0.24827653950212966,\"divergenceMean\":0.0035035604869859847,\"divergenceMax\":0.20671673864126205,\"sourceY\":-0.7480314960629921,\"visualRiseDirectionY\":1,\"smokeWeight\":46.8172918451219,\"smokeCenterX\":0.03515844350690487,\"smokeCenterY\":-0.16581109760395385,\"smokeCenterZ\":-0.0583775924310416,\"plumeNetLateralVelocityX\":0.06423284342994943,\"plumeNetLateralVelocityZ\":-0.04657823771611834,\"plumeNetLateralVelocity\":0.07934349629198115,\"plumeLocalLateralVelocityMean\":0.15289684835138243,\"plumeLateralVelocityRms\":0.1750893453002145,\"plumeLateralVelocityBalance\":0.5189348057040167,\"plumeRadialVelocityAbsMean\":0.10001168619854939,\"plumeRadialVelocityMean\":0.07461330880610877,\"plumeSmokeWeightedCurlMean\":0.05403321520919188,\"plumeScalarCurlContact\":0.8660934562514113,\"plumeSmokeBodyBreadth\":0.22195587528001032,\"plumeTopPinchRatio\":0.9667337975973802,\"plumeLowerRollingBodyBreadth\":0.22538578638894177,\"plumeUpperRollingBodyBreadth\":0.21788805720025362,\"plumeFieldColumnCoherence\":0.33354742238529195,\"plumeFieldBinCenterSpread\":0.02200385255433539,\"canonicalSmokeFieldSlice\":null,\"emissionDetailCurlContact\":0.9919702588331973,\"emissionDetailVerticalCoherence\":0.6749611234577567,\"emissionDetailBodyBreadth\":0.08762383494266683,\"emissionDetailBinCenterSpread\":0.020373113203233664,\"smokeDetailVerticalCoherence\":0.4226490912168262,\"smokeDetailBodyBreadth\":0.219275017699315,\"smokeDetailBinCenterSpread\":0.02214918874202459,\"smokeVelocityY\":0.21116742076491055,\"smokeVisualRiseVelocity\":0.21116742076491055,\"smokeVisualRiseDisplacement\":0.5822203984590383,\"risingSmokeVisualRiseDisplacement\":0.6394691992456161,\"risingSmokeWeight\":43.599638837433424,\"smokeRadialDrift\":0.0681473363226548,\"fireWeight\":5.291858437483721,\"fireCenterX\":0.021711691851640014,\"fireCenterY\":-0.5835911879088557,\"fireCenterZ\":-0.0779881518919147,\"fireVelocityY\":0.1912200904038974,\"fireVisualRiseVelocity\":0.1912200904038974,\"fireVisualRiseDisplacement\":0.16444030815413646,\"fireRadialDrift\":0.080953995568946,\"fireSourcePlugRatio\":0.4048258369842114,\"fireRisingBodyRatio\":0.7022127355836182,\"fireFlameSourcePlugRatio\":0.6458501036865287,\"fireEmberSourcePlugRatio\":0.38488450559307485,\"fireFlameDetailSourcePlugRatio\":0.6525294098105774,\"fireVisibleCarrierSourcePlugRatio\":0.6525294098105774,\"fireLickSourcePlugRatio\":0.40342546451402794,\"fireHeatSourcePlugRatio\":0.34426491720632557,\"fireFlameRisingBodyRatio\":0.8806777356683361,\"fireEmberRisingBodyRatio\":0.6918876046438365,\"fireFlameDetailRisingBodyRatio\":0.8802710273320896,\"fireVisibleCarrierRisingBodyRatio\":0.8802710273320896,\"fireLickRisingBodyRatio\":0.5965745354859728,\"fireHeatRisingBodyRatio\":0.8934729790536599,\"fireChannelSourcePlugDominant\":\"flameDetail\",\"liftedFireShellRatio\":4.753051717582157e-7,\"liftedFireInteriorRatio\":0.9351984201642611,\"liftedFireInteriorWeight\":3.475207045767682,\"liftedFireRingWeight\":0.000001766238956534855,\"liftedEmissionDetailRatio\":0.8802710273320897,\"liftedEmissionDetailWeight\":0.28364072602434154,\"emissionDetailWeight\":0.3222197677958287,\"maxFireBinWeight\":2.1422810211563084,\"combustionFrontWeight\":0.11920122636863906,\"combustionFrontSourcePlugRatio\":0.43839554115418694,\"combustionFrontRisingBodyRatio\":0.5704185410446128,\"maxCombustionFrontBinWeight\":0.052257286140122254,\"frontTopologyWeight\":0.37897093882437194,\"frontTopologySourcePlugRatio\":0.46177674788397965,\"frontTopologyRisingBodyRatio\":0.9228556607028172,\"frontTopologyHeightSpread\":0.2979100392776862,\"frontTopologyRadianceCoupling\":0.10199980732181939,\"frontTopologyFlameDetailCoupling\":0.02006637673627253,\"frontTopologyFireLickCoupling\":0.05096756359879656,\"frontTopologyVisibleTransferLoss\":0.216215421059564,\"maxFrontTopologyBinWeight\":0.17499996767285708,\"plumeHeightBins\":[{\"bin\":0,\"yMin\":-1,\"yMax\":-0.75,\"smokeWeight\":3.217653007688588,\"smokeCenterX\":-0.004248672906469975,\"smokeCenterZ\":-0.010626452548426585,\"smokeRadialBreadth\":0.20962491247736584,\"smokeVelocityY\":0.07664655114031076,\"smokeLateralVelocityMean\":0.0941062284619272,\"smokeRadialVelocityAbsMean\":0.04780541734234936,\"smokeWeightedCurlMean\":0.0396218483220812,\"fireWeight\":1.575848047777024,\"fireInteriorWeight\":1.575848047777024,\"fireRingWeight\":0,\"emissionDetailWeight\":0.03857904177148719,\"emissionDetailCenterX\":0.029979330471491213,\"emissionDetailCenterZ\":-0.0260311270410832,\"emissionDetailRadialBreadth\":0.07473618674763009,\"smokeDetailWeight\":3.611169168206364,\"smokeDetailCenterX\":-0.005204494648003851,\"smokeDetailCenterZ\":-0.009150266066979041,\"smokeDetailRadialBreadth\":0.2043103114336612,\"fireCenterX\":0.016921147307368167,\"fireCenterZ\":-0.020514876896938306,\"fireVelocityY\":0.11654161004413127,\"combustionFrontWeight\":0.05120663673271133,\"frontTopologyWeight\":0.0292354626884394},{\"bin\":1,\"yMin\":-0.75,\"yMax\":-0.5,\"smokeWeight\":4.783046798882132,\"smokeCenterX\":-0.001362735417269726,\"smokeCenterZ\":-0.027753601681130394,\"smokeRadialBreadth\":0.22041416789806528,\"smokeVelocityY\":0.1224732996402381,\"smokeLateralVelocityMean\":0.13053956501221017,\"smokeRadialVelocityAbsMean\":0.0621292737535925,\"smokeWeightedCurlMean\":0.05358317447036999,\"fireWeight\":1.573728339424113,\"fireInteriorWeight\":1.5264050148824744,\"fireRingWeight\":1.4841052911742578e-16,\"emissionDetailWeight\":0.07338283730316564,\"emissionDetailCenterX\":0.05065638692327215,\"emissionDetailCenterZ\":-0.09821363092775745,\"emissionDetailRadialBreadth\":0.0696983924376449,\"smokeDetailWeight\":4.873532551155407,\"smokeDetailCenterX\":0.000019917723050945698,\"smokeDetailCenterZ\":-0.02358909982543309,\"smokeDetailRadialBreadth\":0.2080882734424113,\"fireCenterX\":0.036557173695918974,\"fireCenterZ\":-0.0718253004931384,\"fireVelocityY\":0.16714038437784776,\"combustionFrontWeight\":0.052257286140122254,\"frontTopologyWeight\":0.03597621497956993},{\"bin\":2,\"yMin\":-0.5,\"yMax\":-0.25,\"smokeWeight\":10.712795137005902,\"smokeCenterX\":0.02745459971805656,\"smokeCenterZ\":-0.0699514195296739,\"smokeRadialBreadth\":0.22760551369670176,\"smokeVelocityY\":0.19549105559775734,\"smokeLateralVelocityMean\":0.15884555541996448,\"smokeRadialVelocityAbsMean\":0.09150041506165196,\"smokeWeightedCurlMean\":0.05320094088922096,\"fireWeight\":2.1422810211563084,\"fireInteriorWeight\":1.9488010493035348,\"fireRingWeight\":0.0000017662006447397271,\"emissionDetailWeight\":0.2102578749091134,\"emissionDetailCenterX\":0.024301185799769285,\"emissionDetailCenterZ\":-0.1268905025122545,\"emissionDetailRadialBreadth\":0.08510715347035444,\"smokeDetailWeight\":11.320887657411829,\"smokeDetailCenterX\":0.031742270455575504,\"smokeDetailCenterZ\":-0.07477711660565997,\"smokeDetailRadialBreadth\":0.22231187238813382,\"fireCenterX\":0.014329971384179997,\"fireCenterZ\":-0.12479235496467217,\"fireVelocityY\":0.2638420258485131,\"combustionFrontWeight\":0.015737297890773487,\"frontTopologyWeight\":0.06353904873688165},{\"bin\":3,\"yMin\":-0.25,\"yMax\":0,\"smokeWeight\":13.862774734562084,\"smokeCenterX\":0.050712129646253726,\"smokeCenterZ\":-0.05361419145609998,\"smokeRadialBreadth\":0.22388705403906645,\"smokeVelocityY\":0.277945278384749,\"smokeLateralVelocityMean\":0.18383439837462265,\"smokeRadialVelocityAbsMean\":0.12574607801900972,\"smokeWeightedCurlMean\":0.05651794376710549,\"fireWeight\":0.000001029126273955016,\"fireInteriorWeight\":9.81581672324883e-7,\"fireRingWeight\":3.831164671732827e-11,\"emissionDetailWeight\":1.3812062494149664e-8,\"emissionDetailCenterX\":0.16119246373408208,\"emissionDetailCenterZ\":-0.11908039316495977,\"emissionDetailRadialBreadth\":0.022252033639096953,\"smokeDetailWeight\":13.511540789589588,\"smokeDetailCenterX\":0.050204279915924244,\"smokeDetailCenterZ\":-0.05272674702855594,\"smokeDetailRadialBreadth\":0.22434082228439153,\"fireCenterX\":0.1523448860663208,\"fireCenterZ\":-0.12282714450795866,\"fireVelocityY\":0.4431245031862372,\"combustionFrontWeight\":5.60503198107358e-9,\"frontTopologyWeight\":0.17499996767285708},{\"bin\":4,\"yMin\":0,\"yMax\":0.25,\"smokeWeight\":7.072730020388294,\"smokeCenterX\":0.06084244226300121,\"smokeCenterZ\":-0.07416965666987058,\"smokeRadialBreadth\":0.21488355310877774,\"smokeVelocityY\":0.2860927477915034,\"smokeLateralVelocityMean\":0.18059310927368014,\"smokeRadialVelocityAbsMean\":0.1314246635939903,\"smokeWeightedCurlMean\":0.06617342091415207,\"fireWeight\":5.051150355388381e-32,\"fireInteriorWeight\":0,\"fireRingWeight\":5.051137262496915e-32,\"emissionDetailWeight\":0,\"emissionDetailCenterX\":0,\"emissionDetailCenterZ\":0,\"emissionDetailRadialBreadth\":0,\"smokeDetailWeight\":6.86551721354009,\"smokeDetailCenterX\":0.050641526295702746,\"smokeDetailCenterZ\":-0.0691322126374372,\"smokeDetailRadialBreadth\":0.2174813942972419,\"fireCenterX\":0.07086614173228356,\"fireCenterZ\":-0.30708636925404836,\"fireVelocityY\":0.4167376209035457,\"combustionFrontWeight\":4.6868403306489836e-35,\"frontTopologyWeight\":0.06259974320974138},{\"bin\":5,\"yMin\":0.25,\"yMax\":0.5,\"smokeWeight\":5.432644010353881,\"smokeCenterX\":0.028649729236474297,\"smokeCenterZ\":-0.06906881405981745,\"smokeRadialBreadth\":0.22051813375685544,\"smokeVelocityY\":0.16452580720235568,\"smokeLateralVelocityMean\":0.1071311789482918,\"smokeRadialVelocityAbsMean\":0.08616321216661989,\"smokeWeightedCurlMean\":0.05094310712672698,\"fireWeight\":0,\"fireInteriorWeight\":0,\"fireRingWeight\":0,\"emissionDetailWeight\":0,\"emissionDetailCenterX\":0,\"emissionDetailCenterZ\":0,\"emissionDetailRadialBreadth\":0,\"smokeDetailWeight\":5.640726960752797,\"smokeDetailCenterX\":0.019906415895059874,\"smokeDetailCenterZ\":-0.05710460302781645,\"smokeDetailRadialBreadth\":0.21800481255518833,\"fireCenterX\":0,\"fireCenterZ\":0,\"fireVelocityY\":0,\"combustionFrontWeight\":0,\"frontTopologyWeight\":0.012123074828513047},{\"bin\":6,\"yMin\":0.5,\"yMax\":0.75,\"smokeWeight\":1.735010162973081,\"smokeCenterX\":0.0479048138974002,\"smokeCenterZ\":-0.10009751051193333,\"smokeRadialBreadth\":0.17396844980898044,\"smokeVelocityY\":0.10907796455924394,\"smokeLateralVelocityMean\":0.07009245208043022,\"smokeRadialVelocityAbsMean\":0.06354274693682664,\"smokeWeightedCurlMean\":0.02749251428654544,\"fireWeight\":0,\"fireInteriorWeight\":0,\"fireRingWeight\":0,\"emissionDetailWeight\":0,\"emissionDetailCenterX\":0,\"emissionDetailCenterZ\":0,\"emissionDetailRadialBreadth\":0,\"smokeDetailWeight\":1.7162725174404887,\"smokeDetailCenterX\":0.04347057592803189,\"smokeDetailCenterZ\":-0.09627447315392809,\"smokeDetailRadialBreadth\":0.17515745534193908,\"fireCenterX\":0,\"fireCenterZ\":0,\"fireVelocityY\":0,\"combustionFrontWeight\":0,\"frontTopologyWeight\":0.0004974267066384616},{\"bin\":7,\"yMin\":0.75,\"yMax\":1,\"smokeWeight\":0.0006379732680506832,\"smokeCenterX\":0.006699592830228981,\"smokeCenterZ\":-0.07312112066282425,\"smokeRadialBreadth\":0.18827596215582196,\"smokeVelocityY\":0.003981329575967629,\"smokeLateralVelocityMean\":0.0009519316565457427,\"smokeRadialVelocityAbsMean\":0.0008514040681546152,\"smokeWeightedCurlMean\":0.00002090941769033872,\"fireWeight\":0,\"fireInteriorWeight\":0,\"fireRingWeight\":0,\"emissionDetailWeight\":0,\"emissionDetailCenterX\":0,\"emissionDetailCenterZ\":0,\"emissionDetailRadialBreadth\":0,\"smokeDetailWeight\":0.0008996661273509714,\"smokeDetailCenterX\":0.00659844525520963,\"smokeDetailCenterZ\":-0.07352891309404952,\"smokeDetailRadialBreadth\":0.1882687994336925,\"fireCenterX\":0,\"fireCenterZ\":0,\"fireVelocityY\":0,\"combustionFrontWeight\":0,\"frontTopologyWeight\":1.7311462494057826e-12}],\"sourceRelativeVisualHeightBins\":[{\"bin\":0,\"visualCenter\":-0.12696850393700787,\"smokeWeight\":3.217653007688588,\"fireWeight\":1.575848047777024,\"fireInteriorWeight\":1.575848047777024,\"fireRingWeight\":0,\"fireFlameWeight\":0.008203270742392669,\"fireEmberWeight\":0.1137272126866223,\"fireFlameDetailWeight\":0.055553820150941555,\"fireLickWeight\":0.43096632934067225,\"fireHeatWeight\":0.5692320511199798,\"emissionDetailWeight\":0.03857904177148719,\"emissionDetailCenterX\":0.029979330471491213,\"emissionDetailCenterZ\":-0.0260311270410832,\"emissionDetailRadialBreadth\":0.07473618674763009,\"smokeDetailWeight\":3.611169168206364,\"smokeDetailCenterX\":-0.005204494648003851,\"smokeDetailCenterZ\":-0.009150266066979041,\"smokeDetailRadialBreadth\":0.2043103114336612,\"combustionFrontWeight\":0.05120663673271133,\"frontTopologyWeight\":0.0292354626884394,\"smokeCenterX\":-0.004248672906469975,\"smokeCenterZ\":-0.010626452548426585,\"smokeRadialBreadth\":0.20962491247736584,\"fireCenterX\":0.016921147307368167,\"fireCenterZ\":-0.020514876896938306,\"smokeVisualRiseVelocity\":0.07664655114031076,\"smokeLateralVelocityMean\":0.0941062284619272,\"smokeRadialVelocityAbsMean\":0.04780541734234936,\"smokeWeightedCurlMean\":0.0396218483220812,\"fireVisualRiseVelocity\":0.11654161004413127},{\"bin\":1,\"visualCenter\":0.12303149606299213,\"smokeWeight\":4.783046798882132,\"fireWeight\":1.573728339424113,\"fireInteriorWeight\":1.5264050148824744,\"fireRingWeight\":1.4841052911742578e-16,\"fireFlameWeight\":0.016144131157037302,\"fireEmberWeight\":0.1133175944543682,\"fireFlameDetailWeight\":0.10567128571655852,\"fireLickWeight\":0.3560521655219426,\"fireHeatWeight\":0.7464786431379618,\"emissionDetailWeight\":0.07338283730316564,\"emissionDetailCenterX\":0.05065638692327215,\"emissionDetailCenterZ\":-0.09821363092775745,\"emissionDetailRadialBreadth\":0.0696983924376449,\"smokeDetailWeight\":4.873532551155407,\"smokeDetailCenterX\":0.000019917723050945698,\"smokeDetailCenterZ\":-0.02358909982543309,\"smokeDetailRadialBreadth\":0.2080882734424113,\"combustionFrontWeight\":0.052257286140122254,\"frontTopologyWeight\":0.03597621497956993,\"smokeCenterX\":-0.001362735417269726,\"smokeCenterZ\":-0.027753601681130394,\"smokeRadialBreadth\":0.22041416789806528,\"fireCenterX\":0.036557173695918974,\"fireCenterZ\":-0.0718253004931384,\"smokeVisualRiseVelocity\":0.1224732996402381,\"smokeLateralVelocityMean\":0.13053956501221017,\"smokeRadialVelocityAbsMean\":0.0621292737535925,\"smokeWeightedCurlMean\":0.05358317447036999,\"fireVisualRiseVelocity\":0.16714038437784776},{\"bin\":2,\"visualCenter\":0.37303149606299213,\"smokeWeight\":10.712795137005902,\"fireWeight\":2.1422810211563084,\"fireInteriorWeight\":1.9488010493035348,\"fireRingWeight\":0.0000017662006447397271,\"fireFlameWeight\":0.044401464296860906,\"fireEmberWeight\":0.14206452803293018,\"fireFlameDetailWeight\":0.30277133986912336,\"fireLickWeight\":0.28124883154158314,\"fireHeatWeight\":1.223991085411508,\"emissionDetailWeight\":0.2102578749091134,\"emissionDetailCenterX\":0.024301185799769285,\"emissionDetailCenterZ\":-0.1268905025122545,\"emissionDetailRadialBreadth\":0.08510715347035444,\"smokeDetailWeight\":11.320887657411829,\"smokeDetailCenterX\":0.031742270455575504,\"smokeDetailCenterZ\":-0.07477711660565997,\"smokeDetailRadialBreadth\":0.22231187238813382,\"combustionFrontWeight\":0.015737297890773487,\"frontTopologyWeight\":0.06353904873688165,\"smokeCenterX\":0.02745459971805656,\"smokeCenterZ\":-0.0699514195296739,\"smokeRadialBreadth\":0.22760551369670176,\"fireCenterX\":0.014329971384179997,\"fireCenterZ\":-0.12479235496467217,\"smokeVisualRiseVelocity\":0.19549105559775734,\"smokeLateralVelocityMean\":0.15884555541996448,\"smokeRadialVelocityAbsMean\":0.09150041506165196,\"smokeWeightedCurlMean\":0.05320094088922096,\"fireVisualRiseVelocity\":0.2638420258485131},{\"bin\":3,\"visualCenter\":0.6230314960629921,\"smokeWeight\":13.862774734562084,\"fireWeight\":0.000001029126273955016,\"fireInteriorWeight\":9.81581672324883e-7,\"fireRingWeight\":3.831164671732827e-11,\"fireFlameWeight\":2.9970656351461744e-9,\"fireEmberWeight\":1.6642584036482184e-7,\"fireFlameDetailWeight\":1.9889369991575515e-8,\"fireLickWeight\":2.155562996056468e-7,\"fireHeatWeight\":1.839595467977275,\"emissionDetailWeight\":1.3812062494149664e-8,\"emissionDetailCenterX\":0.16119246373408208,\"emissionDetailCenterZ\":-0.11908039316495977,\"emissionDetailRadialBreadth\":0.022252033639096953,\"smokeDetailWeight\":13.511540789589588,\"smokeDetailCenterX\":0.050204279915924244,\"smokeDetailCenterZ\":-0.05272674702855594,\"smokeDetailRadialBreadth\":0.22434082228439153,\"combustionFrontWeight\":5.60503198107358e-9,\"frontTopologyWeight\":0.17499996767285708,\"smokeCenterX\":0.050712129646253726,\"smokeCenterZ\":-0.05361419145609998,\"smokeRadialBreadth\":0.22388705403906645,\"fireCenterX\":0.1523448860663208,\"fireCenterZ\":-0.12282714450795866,\"smokeVisualRiseVelocity\":0.277945278384749,\"smokeLateralVelocityMean\":0.18383439837462265,\"smokeRadialVelocityAbsMean\":0.12574607801900972,\"smokeWeightedCurlMean\":0.05651794376710549,\"fireVisualRiseVelocity\":0.4431245031862372},{\"bin\":4,\"visualCenter\":0.8730314960629921,\"smokeWeight\":7.072730020388294,\"fireWeight\":5.051150355388381e-32,\"fireInteriorWeight\":0,\"fireRingWeight\":5.051137262496915e-32,\"fireFlameWeight\":0,\"fireEmberWeight\":1.7980237001867645e-32,\"fireFlameDetailWeight\":0,\"fireLickWeight\":2.552773430078515e-33,\"fireHeatWeight\":0.7589858407471647,\"emissionDetailWeight\":0,\"emissionDetailCenterX\":0,\"emissionDetailCenterZ\":0,\"emissionDetailRadialBreadth\":0,\"smokeDetailWeight\":6.86551721354009,\"smokeDetailCenterX\":0.050641526295702746,\"smokeDetailCenterZ\":-0.0691322126374372,\"smokeDetailRadialBreadth\":0.2174813942972419,\"combustionFrontWeight\":4.6868403306489836e-35,\"frontTopologyWeight\":0.06259974320974138,\"smokeCenterX\":0.06084244226300121,\"smokeCenterZ\":-0.07416965666987058,\"smokeRadialBreadth\":0.21488355310877774,\"fireCenterX\":0.07086614173228356,\"fireCenterZ\":-0.30708636925404836,\"smokeVisualRiseVelocity\":0.2860927477915034,\"smokeLateralVelocityMean\":0.18059310927368014,\"smokeRadialVelocityAbsMean\":0.1314246635939903,\"smokeWeightedCurlMean\":0.06617342091415207,\"fireVisualRiseVelocity\":0.4167376209035457},{\"bin\":5,\"visualCenter\":1.1230314960629921,\"smokeWeight\":5.432644010353881,\"fireWeight\":0,\"fireInteriorWeight\":0,\"fireRingWeight\":0,\"fireFlameWeight\":0,\"fireEmberWeight\":0,\"fireFlameDetailWeight\":0,\"fireLickWeight\":0,\"fireHeatWeight\":0.18584555982454015,\"emissionDetailWeight\":0,\"emissionDetailCenterX\":0,\"emissionDetailCenterZ\":0,\"emissionDetailRadialBreadth\":0,\"smokeDetailWeight\":5.640726960752797,\"smokeDetailCenterX\":0.019906415895059874,\"smokeDetailCenterZ\":-0.05710460302781645,\"smokeDetailRadialBreadth\":0.21800481255518833,\"combustionFrontWeight\":0,\"frontTopologyWeight\":0.012123074828513047,\"smokeCenterX\":0.028649729236474297,\"smokeCenterZ\":-0.06906881405981745,\"smokeRadialBreadth\":0.22051813375685544,\"fireCenterX\":0,\"fireCenterZ\":0,\"smokeVisualRiseVelocity\":0.16452580720235568,\"smokeLateralVelocityMean\":0.1071311789482918,\"smokeRadialVelocityAbsMean\":0.08616321216661989,\"smokeWeightedCurlMean\":0.05094310712672698,\"fireVisualRiseVelocity\":0},{\"bin\":6,\"visualCenter\":1.3730314960629921,\"smokeWeight\":1.735010162973081,\"fireWeight\":0,\"fireInteriorWeight\":0,\"fireRingWeight\":0,\"fireFlameWeight\":0,\"fireEmberWeight\":0,\"fireFlameDetailWeight\":0,\"fireLickWeight\":0,\"fireHeatWeight\":0.01941748741535811,\"emissionDetailWeight\":0,\"emissionDetailCenterX\":0,\"emissionDetailCenterZ\":0,\"emissionDetailRadialBreadth\":0,\"smokeDetailWeight\":1.7162725174404887,\"smokeDetailCenterX\":0.04347057592803189,\"smokeDetailCenterZ\":-0.09627447315392809,\"smokeDetailRadialBreadth\":0.17515745534193908,\"combustionFrontWeight\":0,\"frontTopologyWeight\":0.0004974267066384616,\"smokeCenterX\":0.0479048138974002,\"smokeCenterZ\":-0.10009751051193333,\"smokeRadialBreadth\":0.17396844980898044,\"fireCenterX\":0,\"fireCenterZ\":0,\"smokeVisualRiseVelocity\":0.10907796455924394,\"smokeLateralVelocityMean\":0.07009245208043022,\"smokeRadialVelocityAbsMean\":0.06354274693682664,\"smokeWeightedCurlMean\":0.02749251428654544,\"fireVisualRiseVelocity\":0},{\"bin\":7,\"visualCenter\":1.6230314960629921,\"smokeWeight\":0.0006379732680506832,\"fireWeight\":0,\"fireInteriorWeight\":0,\"fireRingWeight\":0,\"fireFlameWeight\":0,\"fireEmberWeight\":0,\"fireFlameDetailWeight\":0,\"fireLickWeight\":0,\"fireHeatWeight\":1.4893122665367618e-11,\"emissionDetailWeight\":0,\"emissionDetailCenterX\":0,\"emissionDetailCenterZ\":0,\"emissionDetailRadialBreadth\":0,\"smokeDetailWeight\":0.0008996661273509714,\"smokeDetailCenterX\":0.00659844525520963,\"smokeDetailCenterZ\":-0.07352891309404952,\"smokeDetailRadialBreadth\":0.1882687994336925,\"combustionFrontWeight\":0,\"frontTopologyWeight\":1.7311462494057826e-12,\"smokeCenterX\":0.006699592830228981,\"smokeCenterZ\":-0.07312112066282425,\"smokeRadialBreadth\":0.18827596215582196,\"fireCenterX\":0,\"fireCenterZ\":0,\"smokeVisualRiseVelocity\":0.003981329575967629,\"smokeLateralVelocityMean\":0.0009519316565457427,\"smokeRadialVelocityAbsMean\":0.0008514040681546152,\"smokeWeightedCurlMean\":0.00002090941769033872,\"fireVisualRiseVelocity\":0}],\"liveVoxels\":667}",
  "state": {
    "prototypeIdentity": "kaminos-volume-prototype-v0",
    "routeIdentity": "native-3d-compute-fluid-raymarch-v0",
    "requestedRoute": "kaminos_volume_smoke=1",
    "effectiveRoute": "native-3d-compute-fluid-raymarch-v0",
    "backend": "WebGPU:apple",
    "active": true,
    "width": 630,
    "height": 611,
    "displayWidth": 900,
    "displayHeight": 873,
    "renderWidth": 630,
    "renderHeight": 611,
    "renderScale": 0.7,
    "renderPixelRatio": 0.7,
    "volumeReconstructionStyle": "linear-css-upscale",
    "volumeScene": "tall_plume",
    "frameCount": 78,
    "simStepCount": 79,
    "lookFreeze": 0,
    "lookFreezeFrame": null,
    "lookFreezeSkippedFrames": 0,
    "pyroCompareMode": "live",
    "pyroCompareMuted": false,
    "simGrid": 128,
    "simGridLabel": "128^3 velocity-material-fire-microdetail-storage-buffer+combustion-front-topology-sidecar-v0",
    "gridOverlay": 0,
    "adaptiveRaymarch": 0.05000000074505806,
    "occupancySkip": 0.05000000074505806,
    "majorantSkip": 0.44999998807907104,
    "majorantSmooth": 0,
    "majorantGuard": 1,
    "temporalAccum": 0,
    "temporalJitter": 0,
    "historyClamp": 1,
    "fireScale": 0.5199999809265137,
    "detailScale": 1.850000023841858,
    "detailScaleArtifactQuarantine": 1,
    "visibleDetailOverlayGain": 0.35,
    "reactionFuelScale": 1,
    "lifecycleEffect": "none",
    "lifecycleT": 0,
    "quenchVapor": 0,
    "quenchVaporStrength": 0,
    "snuffVisualModel": "inactive",
    "flameQuenchModel": "inactive",
    "runtimeQualityRequested": "live_high",
    "runtimeQualityEffective": "live_high",
    "gpuPressure": 0,
    "runtimeQualityReason": "pyro-carrier-router-hot-witness-0703",
    "runtimeQualityReceipt": {
      "identity": "volume-runtime-quality-ladder-v0",
      "requested": "live_high",
      "effective": "live_high",
      "reason": "pyro-carrier-router-hot-witness-0703",
      "gpuPressure": 0,
      "knobs": {
        "renderScale": 0.7,
        "raySteps": 160,
        "adaptiveRays": 0.05,
        "occupancySkip": 0.05,
        "majorantSkip": 0.45,
        "majorantCadence": 1,
        "temporalAccum": 0,
        "pressureStrategy": "global",
        "pressureIterations": 3
      }
    },
    "tallPlumeReactionCadenceDebug": "source-reaction-cadence-v0",
    "tallPlumeFlameCutoffContract": "tall-plume-speed-cutoff-decoupled-v0",
    "tallPlumeFlowShelfContract": "tall-plume-flow-shelf-mitigated-v0",
    "tallPlumeFlameHeightLawContract": "tall-plume-flame-height-law-v2",
    "plumeHeight": 1.850000023841858,
    "windStrength": 1.5,
    "windAngle": -65,
    "windHeight": -0.6499999761581421,
    "bonfireAblation": {
      "recenter": 1,
      "lateralDamping": 1,
      "shear": 1,
      "detailForces": 1,
      "depinch": 1,
      "projection": 1,
      "temporal": 1,
      "instabilityProbe": 0
    },
    "bonfireReferenceConfinement": {
      "identity": "bonfire-reference-front-gradient-confinement-v0",
      "enabled": false,
      "storage": "four-slot-existing-fluid-state",
      "forceSource": "neighbor-slot-front-gradient-plus-curl",
      "radiancePolicy": "front-contact-gated-emission"
    },
    "minimalPlumeProof": {
      "identity": "minimal-canonical-plume-proof-v0",
      "enabled": false,
      "fieldView": "density-smoke-readback",
      "raymarchView": "same-field-linear-volume-render",
      "canonicalRenderSourceOrientation": "screen-y-matches-source-field-y",
      "excluded": "bonfire-front-topology/fire-licks/microdetail/authored-bonfire-shape"
    },
    "pressureProjectionEnabled": true,
    "pressureEffectiveLabel": "Full P3",
    "pressureProjectionIterations": 3,
    "pressureIterationDefault": 2,
    "pressureIterationRequested": 3,
    "externalEmitterMode": "off",
    "externalEmitterCoordinateSpace": "none",
    "externalEmitterCount": 0,
    "externalEmitterAgeMs": null,
    "externalEmitterFrameId": null,
    "temporalAccumEffective": 0,
    "temporalReprojectionConfidence": 0.629,
    "temporalHistoryWeight": 0,
    "temporalRejectedHistory": 1,
    "temporalSmokeHistoryTrust": 0.36539999999999995,
    "temporalFireHistoryProtect": 1,
    "temporalInterfaceHistoryProtect": 1,
    "temporalEvidenceSource": "cpu-estimate-control-proxy",
    "temporalHistoryFrames": 78,
    "temporalHistoryResetCount": 3,
    "temporalHistoryResetReason": "history-resized",
    "temporalHistoryValid": true,
    "fluidStateResetCount": 1,
    "fluidStateResetReason": "grid-rebuilt",
    "majorantGrid": 48,
    "majorantBuilt": true,
    "majorantFrameCount": 79,
    "majorantCadence": 1,
    "majorantBuiltThisFrame": true,
    "majorantLastBuiltFrame": 77,
    "majorantSkippedFrameCount": 0,
    "simProfile": false,
    "simCostLedger": {
      "identity": "tall-plume-sim-cost-ledger-v0",
      "evidenceSource": "cpu-structural-pass-ledger-plus-raf-queue-proxy",
      "routeIdentity": "native-3d-compute-fluid-raymarch-v0",
      "prototypeIdentity": "kaminos-volume-prototype-v0",
      "effectiveRoute": "native-3d-compute-fluid-raymarch-v0",
      "volumeScene": "tall_plume",
      "grid": 128,
      "majorantGrid": 48,
      "workgroupSize": "4x4x4",
      "fullGridWorkgroupsPerPass": 32768,
      "majorantWorkgroupsPerPass": 1728,
      "simPassesPerFrame": 1,
      "pressureSourceStrategy": "jacobi-inline-divergence-v0",
      "tallPlumePressureIterationStrategy": "inactive",
      "tallPlumePressureIterationTarget": 2,
      "pressureStrategy": "global",
      "tallPlumePressureTierStrategy": "inactive",
      "pressureProjectionReadStrategy": "single-pressure-buffer-read-v0",
      "pressureJacobiFullGridPasses": 3,
      "pressureJacobiPartialSlabPasses": 0,
      "pressureJacobiFullGridEquivalentPasses": 3,
      "pressureTierRequestedBounds": null,
      "pressureTierEffectiveBounds": null,
      "pressureTierOverlayOpacity": 0,
      "pressureTierDispatches": [],
      "pressureTierBounds": null,
      "pressureTierBufferOwnership": null,
      "mainFluidKernelStrategy": "main-fluid-fire-lick-breakup-v0",
      "mainFluidLocalProjectionStrategy": "main-fluid-local-projection-staged-pressure-only-v0",
      "mainFluidLocalProjectionDivergenceEvaluationsPerCell": 0,
      "mainFluidBonfireCombustionFieldStrategy": "non-bonfire-combustion-field-bypass-v0",
      "bonfireCombustionFieldEvaluationsPerCell": 0,
      "mainFluidBonfireProceduralBreakupStrategy": "non-bonfire-procedural-breakup-bypass-v0",
      "bonfireProceduralBreakupEvaluationsPerCell": 0,
      "mainFluidBonfireSymmetricForceStrategy": "non-bonfire-symmetric-force-bypass-v0",
      "bonfireSymmetricForceEvaluationsPerCell": 0,
      "mainFluidBonfireNonWindForceStrategy": "non-bonfire-non-wind-force-bypass-v0",
      "bonfireNonWindForceEvaluationsPerCell": 0,
      "mainFluidBonfireScalarNeighborhoodStrategy": "non-bonfire-scalar-neighborhood-bypass-v0",
      "bonfireScalarNeighborhoodReadsPerCell": 0,
      "tallPlumeDetailCoherenceStrategy": "transported-detail-phase-anchor-v0",
      "tallPlumeDetailCoherenceExtraReadsPerCell": 0,
      "tallPlumeTransitionBandStrategy": "staggered-transition-retirement-v0",
      "tallPlumeTransitionBandExtraReadsPerCell": 0,
      "fireLickBreakupEnabled": true,
      "fireLickBreakupEvaluationsPerCell": 2,
      "fireLickOperatorGain": 6.8500000000000005,
      "pressureDivergencePasses": 0,
      "pressureJacobiPasses": 3,
      "pressureJacobiInlineDivergencePasses": 3,
      "pressureProjectionPasses": 1,
      "fullGridPassesPerFrame": 5,
      "fullGridPassBreakdown": {
        "fluidSim": 1,
        "pressureDivergence": 0,
        "pressureJacobi": 3,
        "pressureJacobiInlineDivergence": 3,
        "pressureJacobiFullGrid": 3,
        "pressureJacobiPartialSlab": 0,
        "pressureJacobiFullGridEquivalent": 3,
        "pressureProjection": 1,
        "total": 5
      },
      "fullGridCellVisitsPerFrame": 10485760,
      "majorantBuildCadence": 1,
      "majorantBuiltThisFrame": true,
      "majorantCellVisitsThisFrame": 110592,
      "majorantEstimatedCellVisitsPerFrame": 110592,
      "majorantLastBuiltFrame": 77,
      "majorantSkippedFrameCount": 0,
      "pressureProjectionEnabled": true,
      "pressureIterationDefault": 2,
      "pressureIterationRequested": 3,
      "simProfile": false,
      "fluidBufferBytes": 134217728,
      "frontFieldBufferBytes": 8388608,
      "pressureBufferBytes": 33554432,
      "majorantBufferBytes": 1769472,
      "externalEmitterBufferBytes": 2560,
      "estimatedResidentBytes": 354093568,
      "timing": {
        "timingEvidenceSource": "raf-and-queue-proxy",
        "timingDisclaimer": "not-gpu-exclusive-or-present-latency",
        "rafFps": 12.59445843828714,
        "frameDeltaMs": 44.600000000000364,
        "frameP95Ms": 79.40000000000009,
        "cpuFrameMs": 0.19999998807907104,
        "cpuFrameP95Ms": 0.6000000238418579,
        "queueDoneMs": 301.19999998807907,
        "queueDoneP95Ms": 308.19999998807907,
        "queueProbePending": false,
        "queueSamples": 6,
        "queueTimingAvailable": true
      }
    },
    "pressureSourceStrategy": "jacobi-inline-divergence-v0",
    "tallPlumePressureIterationStrategy": "inactive",
    "tallPlumePressureIterationTarget": 2,
    "pressureStrategy": "global",
    "tallPlumePressureTierStrategy": "inactive",
    "pressureProjectionReadStrategy": "single-pressure-buffer-read-v0",
    "pressureJacobiFullGridPasses": 3,
    "pressureJacobiPartialSlabPasses": 0,
    "pressureJacobiFullGridEquivalentPasses": 3,
    "pressureTierRequestedBounds": null,
    "pressureTierEffectiveBounds": null,
    "pressureTierOverlayOpacity": 0,
    "pyroMaterialRendererCoupling": {
      "identity": "pyro-material-memory-spatial-coupling-v0",
      "lineage": "pyro-material-memory-render-coupling-v0",
      "visualRole": "opt-in-renderer-diagnostic-not-main-fire-authority",
      "compareMode": "live",
      "compareMuted": false,
      "requestedGain": 1.5,
      "effectiveGain": 1.5,
      "materialShaderReadiness": "sampleable-debug-only",
      "energy": 1,
      "liveFireAuthority": 1,
      "smokeAuthority": 0.784,
      "carrierControls": {
        "interfaceFocus": 0,
        "edgeBite": 1,
        "biteBorderFocus": 0.45,
        "biteTeeth": 0.6,
        "biteWake": 1,
        "biteHeight": 0.35,
        "biteFireLock": 0.75,
        "smokeFold": 0.35,
        "foldBorderFocus": 1,
        "foldWake": 1,
        "wakeLift": 0.45,
        "wakeWarmth": 0.35,
        "radiance": 6.1,
        "radianceGate": 1,
        "radianceSpill": 0.9,
        "radianceWarmth": 0.75,
        "biteHeat": 0,
        "biteChroma": 0.6,
        "radianceHue": 0.05,
        "radianceChroma": 1,
        "radianceSource": "mixed",
        "radianceHeight": 0.45,
        "diagnosticPaint": 0
      },
      "carrierDebug": {
        "view": "normal",
        "viewMode": 0,
        "overdrive": 8,
        "diagnosticPaint": 0,
        "borderSignalMax": 0,
        "biteSignalMax": 12,
        "foldSignalMax": 3.2928,
        "radianceSignalMax": 57.3888,
        "biteShape": "0.60t/1.00w/0.35h/0.75f",
        "foldShape": "1.00w/0.45l/0.35a",
        "radianceShape": "1.00g/0.90s/0.75w/mixed/0.45h",
        "colorShape": "0.00bh/0.60bc/0.05rh/1.00rc"
      },
      "spatialMemory": {
        "identity": "pyro-material-memory-spatial-coupling-v0",
        "textureLayout": {
          "width": 8,
          "height": 3,
          "channels": 4,
          "channelOrder": [
            "energy",
            "confidence",
            "liveFireAuthority",
            "smokeAuthority"
          ]
        },
        "uploadedCells": 24
      }
    },
    "pressureTierDispatches": [],
    "pressureTierBounds": null,
    "pressureTierBufferOwnership": null,
    "volumePrimitiveCount": 0,
    "volumePrimitiveIds": [],
    "volumePrimitives": [],
    "mainFluidKernelStrategy": "main-fluid-fire-lick-breakup-v0",
    "mainFluidLocalProjectionStrategy": "main-fluid-local-projection-staged-pressure-only-v0",
    "mainFluidLocalProjectionDivergenceEvaluationsPerCell": 0,
    "fireLickBreakupEnabled": true,
    "fireLickBreakupEvaluationsPerCell": 2,
    "fireLickOperatorGain": 6.8500000000000005,
    "pressureDivergencePasses": 0,
    "pressureJacobiInlineDivergencePasses": 3,
    "fullGridPassBreakdown": {
      "fluidSim": 1,
      "pressureDivergence": 0,
      "pressureJacobi": 3,
      "pressureJacobiInlineDivergence": 3,
      "pressureJacobiFullGrid": 3,
      "pressureJacobiPartialSlab": 0,
      "pressureJacobiFullGridEquivalent": 3,
      "pressureProjection": 1,
      "total": 5
    },
    "frontFieldIdentity": "combustion-front-topology-sidecar-v0",
    "frontFieldBytes": 8388608,
    "frontFieldReadIndex": 0,
    "frontFieldWriteIndex": 1,
    "frontFieldProjectionPassthrough": true,
    "pyroDynamicDetail": {
      "identity": "pyro-dynamic-detail-atlas-v0",
      "authoritySource": "pyro-dynamic-detail-authority-live-fields-v0",
      "resetPolicy": "pyro-dynamic-detail-reset-policy-v0",
      "updateRule": "pyro-cellular-detail-memory-deterministic-ca-v0",
      "visualRole": "debug-atlas-only-not-main-fire",
      "enabled": true,
      "confidence": 1,
      "liveFireAuthority": 1,
      "smokeAuthority": 0.784,
      "stateEnergy": 1,
      "statePhase": 2.0431520000000027,
      "resetGate": false,
      "resetReasons": [],
      "lastUpdateFrame": 77,
      "lastInputAgeMs": 0,
      "lastReadbackFrame": 58,
      "lastReadbackAgeMs": 973,
      "lastInputKind": "control-proxy",
      "atlasCells": [
        0.5705845986134149,
        0.8640183939930297,
        0.6706439049713708,
        0.3922406052655151,
        0.576440844866957,
        0.7055487734998578,
        0.44991100487531743,
        0.4498112624674523,
        0.7545025900077702,
        0.565337630355524,
        0.4823024674364536,
        0.7793063124357563,
        0.781538639973514,
        0.4211313248792925,
        0.4315486701410576,
        0.7082956405156113,
        0.4061311223619076,
        0.3884485155322648,
        0.732619377319966,
        0.7167730109983051,
        0.4798792766521597,
        0.6391812307344067,
        0.8195220094940107,
        0.5261872346891651
      ],
      "materialMemory": {
        "identity": "pyro-dynamic-detail-material-contract-v0",
        "authoritySource": "pyro-dynamic-detail-authority-live-fields-v0",
        "resetPolicy": "pyro-dynamic-detail-reset-policy-v0",
        "visualRole": "renderer-adjacent-detail-memory-not-main-fire",
        "textureLayout": {
          "width": 8,
          "height": 3,
          "channels": 4,
          "channelOrder": [
            "energy",
            "confidence",
            "liveFireAuthority",
            "smokeAuthority"
          ]
        },
        "shaderReadiness": "sampleable-debug-only",
        "sampleVector4": [
          [
            0.5705845986134149,
            1,
            1,
            0.784
          ],
          [
            0.8640183939930297,
            1,
            1,
            0.784
          ],
          [
            0.6706439049713708,
            1,
            1,
            0.784
          ],
          [
            0.3922406052655151,
            1,
            1,
            0.784
          ],
          [
            0.576440844866957,
            1,
            1,
            0.784
          ],
          [
            0.7055487734998578,
            1,
            1,
            0.784
          ],
          [
            0.44991100487531743,
            1,
            1,
            0.784
          ],
          [
            0.4498112624674523,
            1,
            1,
            0.784
          ],
          [
            0.7545025900077702,
            1,
            1,
            0.784
          ],
          [
            0.565337630355524,
            1,
            1,
            0.784
          ],
          [
            0.4823024674364536,
            1,
            1,
            0.784
          ],
          [
            0.7793063124357563,
            1,
            1,
            0.784
          ],
          [
            0.781538639973514,
            1,
            1,
            0.784
          ],
          [
            0.4211313248792925,
            1,
            1,
            0.784
          ],
          [
            0.4315486701410576,
            1,
            1,
            0.784
          ],
          [
            0.7082956405156113,
            1,
            1,
            0.784
          ],
          [
            0.4061311223619076,
            1,
            1,
            0.784
          ],
          [
            0.3884485155322648,
            1,
            1,
            0.784
          ],
          [
            0.732619377319966,
            1,
            1,
            0.784
          ],
          [
            0.7167730109983051,
            1,
            1,
            0.784
          ],
          [
            0.4798792766521597,
            1,
            1,
            0.784
          ],
          [
            0.6391812307344067,
            1,
            1,
            0.784
          ],
          [
            0.8195220094940107,
            1,
            1,
            0.784
          ],
          [
            0.5261872346891651,
            1,
            1,
            0.784
          ]
        ],
        "energyMean": 1
      }
    },
    "lastFrameEnergy": 5.063,
    "timing": {
      "timingEvidenceSource": "raf-and-queue-proxy",
      "timingDisclaimer": "not-gpu-exclusive-or-present-latency",
      "rafFps": 12.59445843828714,
      "frameDeltaMs": 42.69999999999982,
      "frameP95Ms": 79.40000000000009,
      "cpuFrameMs": 0.2999999523162842,
      "cpuFrameP95Ms": 0.6000000238418579,
      "queueDoneMs": 301.19999998807907,
      "queueDoneP95Ms": 308.19999998807907,
      "queueProbePending": false,
      "queueSamples": 6,
      "queueTimingAvailable": true
    },
    "error": null,
    "mainFluidBonfireCombustionFieldStrategy": "non-bonfire-combustion-field-bypass-v0",
    "bonfireCombustionFieldEvaluationsPerCell": 0,
    "mainFluidBonfireProceduralBreakupStrategy": "non-bonfire-procedural-breakup-bypass-v0",
    "bonfireProceduralBreakupEvaluationsPerCell": 0,
    "mainFluidBonfireSymmetricForceStrategy": "non-bonfire-symmetric-force-bypass-v0",
    "bonfireSymmetricForceEvaluationsPerCell": 0,
    "mainFluidBonfireNonWindForceStrategy": "non-bonfire-non-wind-force-bypass-v0",
    "bonfireNonWindForceEvaluationsPerCell": 0,
    "mainFluidBonfireScalarNeighborhoodStrategy": "non-bonfire-scalar-neighborhood-bypass-v0",
    "bonfireScalarNeighborhoodReadsPerCell": 0,
    "tallPlumeDetailCoherenceStrategy": "transported-detail-phase-anchor-v0",
    "tallPlumeDetailCoherenceExtraReadsPerCell": 0,
    "tallPlumeTransitionBandStrategy": "staggered-transition-retirement-v0",
    "tallPlumeTransitionBandExtraReadsPerCell": 0,
    "tallPlumeDetailFrequencySource": "fire-scale-decoupled-v0",
    "canonicalPlumeControls": {
      "identity": "canonical-plume-tuning-cockpit-v0",
      "scalarSpread": 1,
      "centerlineRelief": 1,
      "bodyBalance": 0,
      "macroPreset": "",
      "sourceMode": "current",
      "sourceModeValue": 0,
      "sourceY": -0.7400000095367432,
      "sourceInjection": 1,
      "buoyancyLift": 1,
      "renderMode": "default",
      "renderModeValue": 0,
      "motionMode": "animated",
      "motionModeValue": 0,
      "contentMode": "smoke",
      "contentModeValue": 0
    },
    "majorantOccupiedBricks": 13595,
    "majorantImportanceMax": 0.4616224467754364,
    "controls": {
      "volumeScene": "tall_plume",
      "density": 6,
      "fire": 3.5,
      "radiance": 2.55,
      "absorption": 1.95,
      "glow": 2.35,
      "smoke": 2.8,
      "curl": 3.65,
      "microdetail": 2.5,
      "interfaceShred": 5,
      "fireLicks": 5,
      "projection": 1.5,
      "speed": 3.45,
      "raySteps": 160,
      "adaptiveRays": 0.05,
      "occupancySkip": 0.05,
      "majorantSkip": 0.45,
      "majorantSmooth": 0,
      "majorantGuard": 1,
      "temporalAccum": 0,
      "temporalJitter": 0,
      "historyClamp": 1,
      "fireScale": 0.52,
      "detailScale": 1.85,
      "plumeHeight": 1.85,
      "windStrength": 1.5,
      "windAngle": -65,
      "windHeight": -0.65,
      "renderScale": 0.7,
      "inputRadius": 0.2,
      "flowRate": 0.25,
      "resolution": 128,
      "majorantGrid": 48,
      "gridOverlay": 0,
      "flowDebug": 0,
      "lookFreeze": 0,
      "pyroCompareMode": "live",
      "pyroDynamicDetail": 1,
      "pyroMaterialGain": 1.5,
      "pyroInterfaceFocus": 0,
      "pyroEdgeBite": 1,
      "pyroBiteBorder": 0.45,
      "pyroBiteTeeth": 0.6,
      "pyroBiteWake": 1,
      "pyroBiteHeight": 0.35,
      "pyroBiteFireLock": 0.75,
      "pyroBiteHeat": 0,
      "pyroBiteChroma": 0.6,
      "pyroSmokeFold": 0.35,
      "pyroFoldBorder": 1,
      "pyroFoldWake": 1,
      "pyroWakeLift": 0.45,
      "pyroWakeWarmth": 0.35,
      "pyroRadiance": 6.1,
      "pyroRadianceGate": 1,
      "pyroRadianceSpill": 0.9,
      "pyroRadianceWarmth": 0.75,
      "pyroRadianceHue": 0.05,
      "pyroRadianceChroma": 1,
      "pyroRadianceSource": "mixed",
      "pyroRadianceHeight": 0.45,
      "pyroDiagnosticPaint": 0,
      "pyroCarrierView": "normal",
      "pyroOverdrive": 8,
      "pressureMode": "global-p3",
      "pressureEffectiveLabel": "Full P3",
      "pressureTierOverlay": 0,
      "pressureTierLowerMax": 0.5,
      "pressureTierHeroMin": 0.05,
      "pressureTierHeroMax": 0.22,
      "canonicalSpread": 1,
      "canonicalCenterline": 1,
      "canonicalBodyBalance": 0,
      "canonicalMacroPreset": "",
      "canonicalSourceMode": "current",
      "canonicalSourceModeValue": 0,
      "canonicalRenderMode": "default",
      "canonicalRenderModeValue": 0,
      "canonicalMotionMode": "animated",
      "canonicalMotionModeValue": 0,
      "canonicalContentMode": "smoke",
      "canonicalContentModeValue": 0,
      "canonicalSourceY": -0.74,
      "canonicalSourceInjection": 1,
      "canonicalBuoyancy": 1,
      "reactionFuelScale": 1,
      "lifecycleEffect": "none",
      "lifecycleT": 0,
      "quenchVapor": 0,
      "runtimeQualityRequested": "live_high",
      "gpuPressure": 0,
      "runtimeQualityReason": "pyro-carrier-router-hot-witness-0703",
      "majorantCadence": 1,
      "pressureIterations": 3,
      "pressureStrategy": "global",
      "simProfile": false,
      "rayBudgetPreset": "",
      "bonfireRecenter": 1,
      "bonfireLateralDamping": 1,
      "bonfireShear": 1,
      "bonfireDetailForces": 1,
      "bonfireDepinch": 1,
      "bonfireProjection": 1,
      "bonfireTemporal": 1,
      "bonfireInstabilityProbe": 0,
      "runtimeQualityEffective": "live_high",
      "runtimeQualityReceipt": {
        "identity": "volume-runtime-quality-ladder-v0",
        "requested": "live_high",
        "effective": "live_high",
        "reason": "pyro-carrier-router-hot-witness-0703",
        "gpuPressure": 0,
        "changedControls": [],
        "knobs": {
          "renderScale": 0.7,
          "raySteps": 160,
          "adaptiveRays": 0.05,
          "occupancySkip": 0.05,
          "majorantSkip": 0.45,
          "majorantCadence": 1,
          "temporalAccum": 0,
          "pressureStrategy": "global",
          "pressureIterations": 3
        }
      }
    }
  },
  "screenshot": "/private/tmp/kaminos-kaminos-pyro-cellular-ghostfire-butcher-0630/artifacts/pyro-carrier-router-looklib-0703/router-hot.png",
  "fullScreenshot": "/private/tmp/kaminos-kaminos-pyro-cellular-ghostfire-butcher-0630/artifacts/pyro-carrier-router-looklib-0703/router-hot.full.png"
}
