{
  "requestedRoute": "http://127.0.0.1:8110/?kaminos_volume_smoke=1&volume_scene=tall_plume&volume_density=6&volume_fire=1.5&volume_radiance=2.25&volume_absorption=1.7&volume_glow=2.35&volume_smoke=2.8&volume_curl=3.65&volume_microdetail=2.5&volume_interface_shred=4.7&volume_fire_licks=5&volume_projection=1.5&volume_speed=2.55&volume_fire_scale=0.63&volume_detail_scale=0.45&volume_plume_height=1.85&volume_wind_strength=1.5&volume_wind_angle=-65&volume_wind_height=-0.8&volume_input_radius=0.14&volume_flow_rate=0.3&volume_steps=160&volume_adaptive_rays=0.05&volume_occupancy_skip=0.05&volume_majorant_skip=1&volume_majorant_smooth=0&volume_majorant_guard=1&volume_temporal_accum=0&volume_temporal_jitter=0&volume_history_clamp=1&volume_render_scale=0.7&volume_resolution=128&volume_majorant_grid=48&volume_pyro_detail=1&volume_pyro_material_gain=1.5&volume_pyro_interface_focus=0&volume_pyro_edge_bite=1&volume_pyro_bite_border=0&volume_pyro_bite_teeth=1&volume_pyro_bite_wake=1&volume_pyro_bite_height=0.35&volume_pyro_bite_fire_lock=0.75&volume_pyro_bite_heat=0&volume_pyro_bite_chroma=0.6&volume_pyro_smoke_fold=0.45&volume_pyro_fold_border=0.95&volume_pyro_fold_wake=0.05&volume_pyro_wake_lift=0.45&volume_pyro_wake_warmth=0.35&volume_pyro_radiance=10&volume_pyro_radiance_gate=0.1&volume_pyro_radiance_spill=0.5&volume_pyro_radiance_warmth=0.1&volume_pyro_radiance_hue=0.05&volume_pyro_radiance_chroma=1&volume_pyro_radiance_source=mixed&volume_pyro_radiance_height=0.45&volume_pyro_diagnostic_paint=0&volume_pyro_carrier_view=normal&volume_pyro_overdrive=8&volume_pressure_mode=global-p3&volume_quality_reason=pyro-carrier-router-looklib-0703",
  "windowSize": "1280,960",
  "evidenceMode": "fire-volume",
  "visualEvidenceMode": "fire-volume",
  "phase": "gpu-readback",
  "error": "blank frame or missing fire volume: {\"width\":630,\"height\":611,\"meanLuma\":15.822752032891339,\"litPixels\":8953,\"fireLikePixels\":186,\"emissiveLikePixels\":157,\"smokeLikePixels\":3710,\"fireRoughnessMean\":0.1130455346923876,\"fireEdgeEnergy\":0.2664041254335672,\"smokeHorizontalEnergy\":0.007673285354823966,\"smokeVerticalEnergy\":0.0047045485738417435,\"smokeVerticalStripeRatio\":1.631035419102485,\"volumeBounds\":{\"minX\":254,\"minY\":170,\"maxX\":390,\"maxY\":560,\"pixelCount\":12663,\"width\":137,\"height\":391,\"horizontalFillRatio\":0.21746031746031746,\"verticalFillRatio\":0.6399345335515548,\"sumX\":3998708,\"sumY\":4776050,\"centerX\":315.77888336097294,\"centerY\":377.16575850904206,\"normalizedCenterX\":0.004066401783697771,\"normalizedCenterY\":0.2366090442919413,\"screenDriftX\":0.004066401783697771,\"screenDriftY\":0.2366090442919413},\"fireBounds\":{\"minX\":270,\"minY\":404,\"maxX\":382,\"maxY\":560,\"pixelCount\":343,\"width\":113,\"height\":157,\"horizontalFillRatio\":0.17936507936507937,\"verticalFillRatio\":0.2569558101472995,\"sumX\":112720,\"sumY\":171124,\"centerX\":328.6297376093294,\"centerY\":498.90379008746356,\"normalizedCenterX\":0.04492762355907609,\"normalizedCenterY\":0.6357501314343068,\"screenDriftX\":0.04492762355907609,\"screenDriftY\":0.6357501314343068},\"smokeBounds\":{\"minX\":262,\"minY\":184,\"maxX\":388,\"maxY\":560,\"pixelCount\":3710,\"width\":127,\"height\":377,\"horizontalFillRatio\":0.2015873015873016,\"verticalFillRatio\":0.6170212765957447,\"sumX\":1161206,\"sumY\":1284576,\"centerX\":312.99353099730456,\"centerY\":346.24690026954175,\"normalizedCenterX\":-0.004790044523673931,\"normalizedCenterY\":0.13523573858866156,\"screenDriftX\":-0.004790044523673931,\"screenDriftY\":0.13523573858866156},\"verticalFillRatio\":0.6399345335515548,\"normalizedCenterX\":0.004066401783697771,\"screenDriftX\":0.004066401783697771,\"smokeScreenDriftX\":-0.004790044523673931,\"fireScreenDriftX\":0.04492762355907609,\"plumeHeightBins\":[{\"bin\":0,\"yMin\":-1,\"yMax\":-0.75,\"smokeWeight\":5.574321692215096,\"smokeCenterX\":0.0020296138158195504,\"smokeCenterZ\":-0.01065750879162799,\"smokeRadialBreadth\":0.16309459898167505,\"smokeVelocityY\":0.05788096905744852,\"smokeLateralVelocityMean\":0.10198517638626033,\"smokeRadialVelocityAbsMean\":0.060805199626506226,\"smokeWeightedCurlMean\":0.04746655168818233,\"fireWeight\":4.15721248768741,\"fireInteriorWeight\":4.030161315948746,\"fireRingWeight\":7.370477626235901e-13,\"emissionDetailWeight\":0.1887227376596171,\"emissionDetailCenterX\":0.023743239673346562,\"emissionDetailCenterZ\":-0.03566710965650102,\"emissionDetailRadialBreadth\":0.06045807478568998,\"smokeDetailWeight\":6.503619883952951,\"smokeDetailCenterX\":0.0004498442705154159,\"smokeDetailCenterZ\":-0.009866135757051931,\"smokeDetailRadialBreadth\":0.15966020711067616,\"fireCenterX\":0.014653572393750263,\"fireCenterZ\":-0.02148563170998076,\"fireVelocityY\":0.1189576145343937,\"combustionFrontWeight\":0.15961708999127333,\"frontTopologyWeight\":0.07771292896696268},{\"bin\":1,\"yMin\":-0.75,\"yMax\":-0.5,\"smokeWeight\":20.01347026919174,\"smokeCenterX\":0.026976090960556736,\"smokeCenterZ\":-0.03945577641243277,\"smokeRadialBreadth\":0.1651782103297403,\"smokeVelocityY\":0.1225682050435194,\"smokeLateralVelocityMean\":0.1575342576909971,\"smokeRadialVelocityAbsMean\":0.10003409868200223,\"smokeWeightedCurlMean\":0.06937682281132525,\"fireWeight\":44.63934241041385,\"fireInteriorWeight\":31.879464687309458,\"fireRingWeight\":0.2146838403397085,\"emissionDetailWeight\":4.081193209120011,\"emissionDetailCenterX\":0.0324380300502428,\"emissionDetailCenterZ\":-0.08605507645782742,\"emissionDetailRadialBreadth\":0.0912252023940003,\"smokeDetailWeight\":21.469391888074547,\"smokeDetailCenterX\":0.015056589763865995,\"smokeDetailCenterZ\":-0.04930615909763779,\"smokeDetailRadialBreadth\":0.16305098688885483,\"fireCenterX\":0.02903598236739208,\"fireCenterZ\":-0.08471730696322813,\"fireVelocityY\":0.20847714023930833,\"combustionFrontWeight\":0.4119778730373305,\"frontTopologyWeight\":0.35458579772140464},{\"bin\":2,\"yMin\":-0.5,\"yMax\":-0.25,\"smokeWeight\":33.59802815394089,\"smokeCenterX\":0.049228204108380004,\"smokeCenterZ\":-0.05817410246484648,\"smokeRadialBreadth\":0.1469916097042379,\"smokeVelocityY\":0.2468494913092469,\"smokeLateralVelocityMean\":0.23806692908471785,\"smokeRadialVelocityAbsMean\":0.17692397592905176,\"smokeWeightedCurlMean\":0.09468255664909767,\"fireWeight\":69.07403023508574,\"fireInteriorWeight\":48.72710792091862,\"fireRingWeight\":3.0931641897584687,\"emissionDetailWeight\":7.1436919352568315,\"emissionDetailCenterX\":0.0542957512597167,\"emissionDetailCenterZ\":-0.09104415982568269,\"emissionDetailRadialBreadth\":0.08390402334628558,\"smokeDetailWeight\":38.67244344428825,\"smokeDetailCenterX\":0.045013886350360174,\"smokeDetailCenterZ\":-0.05823684380456162,\"smokeDetailRadialBreadth\":0.14763053956985056,\"fireCenterX\":0.05338286974849911,\"fireCenterZ\":-0.09183836214002344,\"fireVelocityY\":0.28623764943273944,\"combustionFrontWeight\":0.5135405496771928,\"frontTopologyWeight\":1.2590742118321252},{\"bin\":3,\"yMin\":-0.25,\"yMax\":0,\"smokeWeight\":12.227915700842026,\"smokeCenterX\":0.0036491360563618556,\"smokeCenterZ\":-0.021880067813479214,\"smokeRadialBreadth\":0.1470433466307094,\"smokeVelocityY\":0.19111219558885517,\"smokeLateralVelocityMean\":0.12236519019142322,\"smokeRadialVelocityAbsMean\":0.08580290684612325,\"smokeWeightedCurlMean\":0.06592040118677767,\"fireWeight\":2.853538600787478e-10,\"fireInteriorWeight\":2.853538600787478e-10,\"fireRingWeight\":0,\"emissionDetailWeight\":2.5861819591435e-15,\"emissionDetailCenterX\":0.0393700787401574,\"emissionDetailCenterZ\":-0.02362204723139886,\"emissionDetailRadialBreadth\":8.942721628540849e-7,\"smokeDetailWeight\":14.730446935481769,\"smokeDetailCenterX\":0.0013827280303762787,\"smokeDetailCenterZ\":-0.021238514504169217,\"smokeDetailRadialBreadth\":0.14960568105866212,\"fireCenterX\":0.03937007874014313,\"fireCenterZ\":-0.023617246881609943,\"fireVelocityY\":0.5093546794281586,\"combustionFrontWeight\":2.207935577632182e-12,\"frontTopologyWeight\":0.18419461729665443},{\"bin\":4,\"yMin\":0,\"yMax\":0.25,\"smokeWeight\":9.27620964135891,\"smokeCenterX\":-0.0039432527376752425,\"smokeCenterZ\":-0.02003689380743339,\"smokeRadialBreadth\":0.1604219473822277,\"smokeVelocityY\":0.09759440523211813,\"smokeLateralVelocityMean\":0.1091800613377793,\"smokeRadialVelocityAbsMean\":0.07554228287084144,\"smokeWeightedCurlMean\":0.05380563883747521,\"fireWeight\":0,\"fireInteriorWeight\":0,\"fireRingWeight\":0,\"emissionDetailWeight\":0,\"emissionDetailCenterX\":0,\"emissionDetailCenterZ\":0,\"emissionDetailRadialBreadth\":0,\"smokeDetailWeight\":11.687888411063259,\"smokeDetailCenterX\":-0.004097778851717789,\"smokeDetailCenterZ\":-0.01833016097271674,\"smokeDetailRadialBreadth\":0.16091681279723494,\"fireCenterX\":0,\"fireCenterZ\":0,\"fireVelocityY\":0,\"combustionFrontWeight\":0,\"frontTopologyWeight\":0.0038976394427940875},{\"bin\":5,\"yMin\":0.25,\"yMax\":0.5,\"smokeWeight\":5.518312078022641,\"smokeCenterX\":-0.01015191308613102,\"smokeCenterZ\":-0.02381144011131134,\"smokeRadialBreadth\":0.15619477302929322,\"smokeVelocityY\":0.0762761380109575,\"smokeLateralVelocityMean\":0.0835722377154101,\"smokeRadialVelocityAbsMean\":0.06406473483895198,\"smokeWeightedCurlMean\":0.04848529561603762,\"fireWeight\":0,\"fireInteriorWeight\":0,\"fireRingWeight\":0,\"emissionDetailWeight\":0,\"emissionDetailCenterX\":0,\"emissionDetailCenterZ\":0,\"emissionDetailRadialBreadth\":0,\"smokeDetailWeight\":6.760570266319081,\"smokeDetailCenterX\":-0.011083569305538266,\"smokeDetailCenterZ\":-0.022811236592778197,\"smokeDetailRadialBreadth\":0.1568898649090365,\"fireCenterX\":0,\"fireCenterZ\":0,\"fireVelocityY\":0,\"combustionFrontWeight\":0,\"frontTopologyWeight\":0.002238419961010374},{\"bin\":6,\"yMin\":0.5,\"yMax\":0.75,\"smokeWeight\":0.3386618056312497,\"smokeCenterX\":-0.01618839449655246,\"smokeCenterZ\":-0.022776694429454666,\"smokeRadialBreadth\":0.10621893399093303,\"smokeVelocityY\":0.08275933803333244,\"smokeLateralVelocityMean\":0.047313285107004915,\"smokeRadialVelocityAbsMean\":0.03889964792602404,\"smokeWeightedCurlMean\":0.03130170923729488,\"fireWeight\":0,\"fireInteriorWeight\":0,\"fireRingWeight\":0,\"emissionDetailWeight\":0,\"emissionDetailCenterX\":0,\"emissionDetailCenterZ\":0,\"emissionDetailRadialBreadth\":0,\"smokeDetailWeight\":0.41379820442942733,\"smokeDetailCenterX\":-0.015908129786005424,\"smokeDetailCenterZ\":-0.023247497349215596,\"smokeDetailRadialBreadth\":0.10952032819460344,\"fireCenterX\":0,\"fireCenterZ\":0,\"fireVelocityY\":0,\"combustionFrontWeight\":0,\"frontTopologyWeight\":0.00007553873284734183},{\"bin\":7,\"yMin\":0.75,\"yMax\":1,\"smokeWeight\":0,\"smokeCenterX\":0,\"smokeCenterZ\":0,\"smokeRadialBreadth\":0,\"smokeVelocityY\":0,\"smokeLateralVelocityMean\":0,\"smokeRadialVelocityAbsMean\":0,\"smokeWeightedCurlMean\":0,\"fireWeight\":0,\"fireInteriorWeight\":0,\"fireRingWeight\":0,\"emissionDetailWeight\":0,\"emissionDetailCenterX\":0,\"emissionDetailCenterZ\":0,\"emissionDetailRadialBreadth\":0,\"smokeDetailWeight\":0,\"smokeDetailCenterX\":0,\"smokeDetailCenterZ\":0,\"smokeDetailRadialBreadth\":0,\"fireCenterX\":0,\"fireCenterZ\":0,\"fireVelocityY\":0,\"combustionFrontWeight\":0,\"frontTopologyWeight\":0}],\"smokeVisualRiseVelocity\":0.17054877840185895,\"fireVisualRiseVelocity\":0.2508887399390594,\"fuelMean\":0.003681577697110232,\"reactionMean\":0.013732965402677842,\"fuelConsumptionMean\":0.0003405775419864099,\"fireFuelOverlapRatio\":0.833165451859889,\"smokeVisualRiseDisplacement\":0.4276826962421224,\"risingSmokeVisualRiseDisplacement\":0.46156900444104904,\"fireVisualRiseDisplacement\":0.2506398499105518,\"combustionFrontMean\":0.00019439274004635806,\"combustionFrontSourcePlugRatio\":0.4732501550848974,\"combustionFrontRisingBodyRatio\":0.8529058462081462,\"maxCombustionFrontBinWeight\":0.5135405496771928,\"combustionFrontWeight\":1.0851355127080045,\"fireSourcePlugRatio\":0.5860158423483589,\"fireRisingBodyRatio\":0.9647307045860515,\"liftedFireShellRatio\":0.029089349415411875,\"liftedFireInteriorRatio\":0.7088574609391054,\"emissionDetailMean\":0.001926572199498841,\"liftedEmissionDetailRatio\":0.9834651111541477,\"emissionDetailCurlContact\":0.9519392401059241,\"emissionDetailVerticalCoherence\":0.7037202601809676,\"emissionDetailBodyBreadth\":0.08724523795414177,\"emissionDetailBinCenterSpread\":0.010558957615106898,\"smokeDetailVerticalCoherence\":0.5602311479873128,\"smokeDetailBodyBreadth\":0.1567421518213443,\"smokeDetailBinCenterSpread\":0.025982775844929806,\"maxFireBinWeight\":69.07403023508574,\"plumeLocalLateralVelocityMean\":0.16992094139094976,\"plumeNetLateralVelocity\":0.09794562950293842,\"plumeLateralVelocityBalance\":0.5764188257266514,\"plumeRadialVelocityAbsMean\":0.12018814530022247,\"plumeSmokeWeightedCurlMean\":0.07415112221746274,\"plumeScalarCurlContact\":0.9058200523300833,\"plumeSmokeBodyBreadth\":0.1568938295270645,\"plumeTopPinchRatio\":0.9982051786276833,\"plumeLowerRollingBodyBreadth\":0.15378076877685778,\"plumeUpperRollingBodyBreadth\":0.1535047597664058,\"plumeFieldColumnCoherence\":0.5068757623823242,\"plumeFieldBinCenterSpread\":0.02414316309138233,\"sourceRelativeVisualHeightBins\":[{\"bin\":0,\"visualCenter\":-0.12696850393700787,\"smokeWeight\":5.574321692215096,\"fireWeight\":4.15721248768741,\"fireInteriorWeight\":4.030161315948746,\"fireRingWeight\":7.370477626235901e-13,\"fireFlameWeight\":0.03888762590699453,\"fireEmberWeight\":0.270602908941322,\"fireFlameDetailWeight\":0.2717607422298486,\"fireLickWeight\":1.2162128459844472,\"fireHeatWeight\":1.0486107444240043,\"emissionDetailWeight\":0.1887227376596171,\"emissionDetailCenterX\":0.023743239673346562,\"emissionDetailCenterZ\":-0.03566710965650102,\"emissionDetailRadialBreadth\":0.06045807478568998,\"smokeDetailWeight\":6.503619883952951,\"smokeDetailCenterX\":0.0004498442705154159,\"smokeDetailCenterZ\":-0.009866135757051931,\"smokeDetailRadialBreadth\":0.15966020711067616,\"combustionFrontWeight\":0.15961708999127333,\"frontTopologyWeight\":0.07771292896696268,\"smokeCenterX\":0.0020296138158195504,\"smokeCenterZ\":-0.01065750879162799,\"smokeRadialBreadth\":0.16309459898167505,\"fireCenterX\":0.014653572393750263,\"fireCenterZ\":-0.02148563170998076,\"smokeVisualRiseVelocity\":0.05788096905744852,\"smokeLateralVelocityMean\":0.10198517638626033,\"smokeRadialVelocityAbsMean\":0.060805199626506226,\"smokeWeightedCurlMean\":0.04746655168818233,\"fireVisualRiseVelocity\":0.1189576145343937},{\"bin\":1,\"visualCenter\":0.12303149606299213,\"smokeWeight\":20.01347026919174,\"fireWeight\":44.63934241041385,\"fireInteriorWeight\":31.879464687309458,\"fireRingWeight\":0.2146838403397085,\"fireFlameWeight\":0.7741918492815116,\"fireEmberWeight\":2.2342828594666413,\"fireFlameDetailWeight\":5.876918221132812,\"fireLickWeight\":10.161625831487395,\"fireHeatWeight\":2.755277845110396,\"emissionDetailWeight\":4.081193209120011,\"emissionDetailCenterX\":0.0324380300502428,\"emissionDetailCenterZ\":-0.08605507645782742,\"emissionDetailRadialBreadth\":0.0912252023940003,\"smokeDetailWeight\":21.469391888074547,\"smokeDetailCenterX\":0.015056589763865995,\"smokeDetailCenterZ\":-0.04930615909763779,\"smokeDetailRadialBreadth\":0.16305098688885483,\"combustionFrontWeight\":0.4119778730373305,\"frontTopologyWeight\":0.35458579772140464,\"smokeCenterX\":0.026976090960556736,\"smokeCenterZ\":-0.03945577641243277,\"smokeRadialBreadth\":0.1651782103297403,\"fireCenterX\":0.02903598236739208,\"fireCenterZ\":-0.08471730696322813,\"smokeVisualRiseVelocity\":0.1225682050435194,\"smokeLateralVelocityMean\":0.1575342576909971,\"smokeRadialVelocityAbsMean\":0.10003409868200223,\"smokeWeightedCurlMean\":0.06937682281132525,\"fireVisualRiseVelocity\":0.20847714023930833},{\"bin\":2,\"visualCenter\":0.37303149606299213,\"smokeWeight\":33.59802815394089,\"fireWeight\":69.07403023508574,\"fireInteriorWeight\":48.72710792091862,\"fireRingWeight\":3.0931641897584687,\"fireFlameWeight\":1.3718708545000096,\"fireEmberWeight\":3.7317357940118625,\"fireFlameDetailWeight\":10.286916386769834,\"fireLickWeight\":13.803193477466897,\"fireHeatWeight\":4.372521511560115,\"emissionDetailWeight\":7.1436919352568315,\"emissionDetailCenterX\":0.0542957512597167,\"emissionDetailCenterZ\":-0.09104415982568269,\"emissionDetailRadialBreadth\":0.08390402334628558,\"smokeDetailWeight\":38.67244344428825,\"smokeDetailCenterX\":0.045013886350360174,\"smokeDetailCenterZ\":-0.05823684380456162,\"smokeDetailRadialBreadth\":0.14763053956985056,\"combustionFrontWeight\":0.5135405496771928,\"frontTopologyWeight\":1.2590742118321252,\"smokeCenterX\":0.049228204108380004,\"smokeCenterZ\":-0.05817410246484648,\"smokeRadialBreadth\":0.1469916097042379,\"fireCenterX\":0.05338286974849911,\"fireCenterZ\":-0.09183836214002344,\"smokeVisualRiseVelocity\":0.2468494913092469,\"smokeLateralVelocityMean\":0.23806692908471785,\"smokeRadialVelocityAbsMean\":0.17692397592905176,\"smokeWeightedCurlMean\":0.09468255664909767,\"fireVisualRiseVelocity\":0.28623764943273944},{\"bin\":3,\"visualCenter\":0.6230314960629921,\"smokeWeight\":12.227915700842026,\"fireWeight\":2.853538600787478e-10,\"fireInteriorWeight\":2.853538600787478e-10,\"fireRingWeight\":0,\"fireFlameWeight\":5.377825735758817e-16,\"fireEmberWeight\":1.2728451558627442e-10,\"fireFlameDetailWeight\":3.72410202116664e-15,\"fireLickWeight\":4.658663859347772e-12,\"fireHeatWeight\":0.66657172527898,\"emissionDetailWeight\":2.5861819591435e-15,\"emissionDetailCenterX\":0.0393700787401574,\"emissionDetailCenterZ\":-0.02362204723139886,\"emissionDetailRadialBreadth\":8.942721628540849e-7,\"smokeDetailWeight\":14.730446935481769,\"smokeDetailCenterX\":0.0013827280303762787,\"smokeDetailCenterZ\":-0.021238514504169217,\"smokeDetailRadialBreadth\":0.14960568105866212,\"combustionFrontWeight\":2.207935577632182e-12,\"frontTopologyWeight\":0.18419461729665443,\"smokeCenterX\":0.0036491360563618556,\"smokeCenterZ\":-0.021880067813479214,\"smokeRadialBreadth\":0.1470433466307094,\"fireCenterX\":0.03937007874014313,\"fireCenterZ\":-0.023617246881609943,\"smokeVisualRiseVelocity\":0.19111219558885517,\"smokeLateralVelocityMean\":0.12236519019142322,\"smokeRadialVelocityAbsMean\":0.08580290684612325,\"smokeWeightedCurlMean\":0.06592040118677767,\"fireVisualRiseVelocity\":0.5093546794281586},{\"bin\":4,\"visualCenter\":0.8730314960629921,\"smokeWeight\":9.27620964135891,\"fireWeight\":0,\"fireInteriorWeight\":0,\"fireRingWeight\":0,\"fireFlameWeight\":0,\"fireEmberWeight\":0,\"fireFlameDetailWeight\":0,\"fireLickWeight\":0,\"fireHeatWeight\":0.06349051909616038,\"emissionDetailWeight\":0,\"emissionDetailCenterX\":0,\"emissionDetailCenterZ\":0,\"emissionDetailRadialBreadth\":0,\"smokeDetailWeight\":11.687888411063259,\"smokeDetailCenterX\":-0.004097778851717789,\"smokeDetailCenterZ\":-0.01833016097271674,\"smokeDetailRadialBreadth\":0.16091681279723494,\"combustionFrontWeight\":0,\"frontTopologyWeight\":0.0038976394427940875,\"smokeCenterX\":-0.0039432527376752425,\"smokeCenterZ\":-0.02003689380743339,\"smokeRadialBreadth\":0.1604219473822277,\"fireCenterX\":0,\"fireCenterZ\":0,\"smokeVisualRiseVelocity\":0.09759440523211813,\"smokeLateralVelocityMean\":0.1091800613377793,\"smokeRadialVelocityAbsMean\":0.07554228287084144,\"smokeWeightedCurlMean\":0.05380563883747521,\"fireVisualRiseVelocity\":0},{\"bin\":5,\"visualCenter\":1.1230314960629921,\"smokeWeight\":5.518312078022641,\"fireWeight\":0,\"fireInteriorWeight\":0,\"fireRingWeight\":0,\"fireFlameWeight\":0,\"fireEmberWeight\":0,\"fireFlameDetailWeight\":0,\"fireLickWeight\":0,\"fireHeatWeight\":0.04297328111404607,\"emissionDetailWeight\":0,\"emissionDetailCenterX\":0,\"emissionDetailCenterZ\":0,\"emissionDetailRadialBreadth\":0,\"smokeDetailWeight\":6.760570266319081,\"smokeDetailCenterX\":-0.011083569305538266,\"smokeDetailCenterZ\":-0.022811236592778197,\"smokeDetailRadialBreadth\":0.1568898649090365,\"combustionFrontWeight\":0,\"frontTopologyWeight\":0.002238419961010374,\"smokeCenterX\":-0.01015191308613102,\"smokeCenterZ\":-0.02381144011131134,\"smokeRadialBreadth\":0.15619477302929322,\"fireCenterX\":0,\"fireCenterZ\":0,\"smokeVisualRiseVelocity\":0.0762761380109575,\"smokeLateralVelocityMean\":0.0835722377154101,\"smokeRadialVelocityAbsMean\":0.06406473483895198,\"smokeWeightedCurlMean\":0.04848529561603762,\"fireVisualRiseVelocity\":0},{\"bin\":6,\"visualCenter\":1.3730314960629921,\"smokeWeight\":0.3386618056312497,\"fireWeight\":0,\"fireInteriorWeight\":0,\"fireRingWeight\":0,\"fireFlameWeight\":0,\"fireEmberWeight\":0,\"fireFlameDetailWeight\":0,\"fireLickWeight\":0,\"fireHeatWeight\":0.0037013870969321724,\"emissionDetailWeight\":0,\"emissionDetailCenterX\":0,\"emissionDetailCenterZ\":0,\"emissionDetailRadialBreadth\":0,\"smokeDetailWeight\":0.41379820442942733,\"smokeDetailCenterX\":-0.015908129786005424,\"smokeDetailCenterZ\":-0.023247497349215596,\"smokeDetailRadialBreadth\":0.10952032819460344,\"combustionFrontWeight\":0,\"frontTopologyWeight\":0.00007553873284734183,\"smokeCenterX\":-0.01618839449655246,\"smokeCenterZ\":-0.022776694429454666,\"smokeRadialBreadth\":0.10621893399093303,\"fireCenterX\":0,\"fireCenterZ\":0,\"smokeVisualRiseVelocity\":0.08275933803333244,\"smokeLateralVelocityMean\":0.047313285107004915,\"smokeRadialVelocityAbsMean\":0.03889964792602404,\"smokeWeightedCurlMean\":0.03130170923729488,\"fireVisualRiseVelocity\":0},{\"bin\":7,\"visualCenter\":1.6230314960629921,\"smokeWeight\":0,\"fireWeight\":0,\"fireInteriorWeight\":0,\"fireRingWeight\":0,\"fireFlameWeight\":0,\"fireEmberWeight\":0,\"fireFlameDetailWeight\":0,\"fireLickWeight\":0,\"fireHeatWeight\":0,\"emissionDetailWeight\":0,\"emissionDetailCenterX\":0,\"emissionDetailCenterZ\":0,\"emissionDetailRadialBreadth\":0,\"smokeDetailWeight\":0,\"smokeDetailCenterX\":0,\"smokeDetailCenterZ\":0,\"smokeDetailRadialBreadth\":0,\"combustionFrontWeight\":0,\"frontTopologyWeight\":0,\"smokeCenterX\":0,\"smokeCenterZ\":0,\"smokeRadialBreadth\":0,\"fireCenterX\":0,\"fireCenterZ\":0,\"smokeVisualRiseVelocity\":0,\"smokeLateralVelocityMean\":0,\"smokeRadialVelocityAbsMean\":0,\"smokeWeightedCurlMean\":0,\"fireVisualRiseVelocity\":0}]}",
  "state": {
    "prototypeIdentity": "kaminos-volume-prototype-v0",
    "routeIdentity": "native-3d-compute-fluid-raymarch-v0",
    "requestedRoute": "kaminos_volume_smoke=1",
    "effectiveRoute": "native-3d-compute-fluid-raymarch-v0",
    "backend": "WebGPU:apple",
    "active": true,
    "width": 630,
    "height": 611,
    "displayWidth": 900,
    "displayHeight": 873,
    "renderWidth": 630,
    "renderHeight": 611,
    "renderScale": 0.7,
    "renderPixelRatio": 0.7,
    "volumeReconstructionStyle": "linear-css-upscale",
    "volumeScene": "tall_plume",
    "frameCount": 71,
    "simStepCount": 72,
    "lookFreeze": 0,
    "lookFreezeFrame": null,
    "lookFreezeSkippedFrames": 0,
    "pyroCompareMode": "live",
    "pyroCompareMuted": false,
    "simGrid": 128,
    "simGridLabel": "128^3 velocity-material-fire-microdetail-storage-buffer+combustion-front-topology-sidecar-v0",
    "gridOverlay": 0,
    "adaptiveRaymarch": 0.05000000074505806,
    "occupancySkip": 0.05000000074505806,
    "majorantSkip": 1,
    "majorantSmooth": 0,
    "majorantGuard": 1,
    "temporalAccum": 0,
    "temporalJitter": 0,
    "historyClamp": 1,
    "fireScale": 0.6299999952316284,
    "detailScale": 0.45,
    "detailScaleArtifactQuarantine": 1,
    "visibleDetailOverlayGain": 0.35,
    "reactionFuelScale": 1,
    "lifecycleEffect": "none",
    "lifecycleT": 0,
    "quenchVapor": 0,
    "quenchVaporStrength": 0,
    "snuffVisualModel": "inactive",
    "flameQuenchModel": "inactive",
    "runtimeQualityRequested": "live_high",
    "runtimeQualityEffective": "live_high",
    "gpuPressure": 0,
    "runtimeQualityReason": "pyro-carrier-router-looklib-0703",
    "runtimeQualityReceipt": {
      "identity": "volume-runtime-quality-ladder-v0",
      "requested": "live_high",
      "effective": "live_high",
      "reason": "pyro-carrier-router-looklib-0703",
      "gpuPressure": 0,
      "knobs": {
        "renderScale": 0.7,
        "raySteps": 160,
        "adaptiveRays": 0.05,
        "occupancySkip": 0.05,
        "majorantSkip": 1,
        "majorantCadence": 1,
        "temporalAccum": 0,
        "pressureStrategy": "global",
        "pressureIterations": 3
      }
    },
    "tallPlumeReactionCadenceDebug": "source-reaction-cadence-v0",
    "tallPlumeFlameCutoffContract": "tall-plume-speed-cutoff-decoupled-v0",
    "tallPlumeFlowShelfContract": "tall-plume-flow-shelf-mitigated-v0",
    "tallPlumeFlameHeightLawContract": "tall-plume-flame-height-law-v2",
    "plumeHeight": 1.850000023841858,
    "windStrength": 1.5,
    "windAngle": -65,
    "windHeight": -0.800000011920929,
    "bonfireAblation": {
      "recenter": 1,
      "lateralDamping": 1,
      "shear": 1,
      "detailForces": 1,
      "depinch": 1,
      "projection": 1,
      "temporal": 1,
      "instabilityProbe": 0
    },
    "bonfireReferenceConfinement": {
      "identity": "bonfire-reference-front-gradient-confinement-v0",
      "enabled": false,
      "storage": "four-slot-existing-fluid-state",
      "forceSource": "neighbor-slot-front-gradient-plus-curl",
      "radiancePolicy": "front-contact-gated-emission"
    },
    "minimalPlumeProof": {
      "identity": "minimal-canonical-plume-proof-v0",
      "enabled": false,
      "fieldView": "density-smoke-readback",
      "raymarchView": "same-field-linear-volume-render",
      "canonicalRenderSourceOrientation": "screen-y-matches-source-field-y",
      "excluded": "bonfire-front-topology/fire-licks/microdetail/authored-bonfire-shape"
    },
    "pressureProjectionEnabled": true,
    "pressureEffectiveLabel": "Full P3",
    "pressureProjectionIterations": 3,
    "pressureIterationDefault": 2,
    "pressureIterationRequested": 3,
    "externalEmitterMode": "off",
    "externalEmitterCoordinateSpace": "none",
    "externalEmitterCount": 0,
    "externalEmitterAgeMs": null,
    "externalEmitterFrameId": null,
    "temporalAccumEffective": 0,
    "temporalReprojectionConfidence": 0.5753918036363637,
    "temporalHistoryWeight": 0,
    "temporalRejectedHistory": 1,
    "temporalSmokeHistoryTrust": 0.4754662499999999,
    "temporalFireHistoryProtect": 0.7822727272727272,
    "temporalInterfaceHistoryProtect": 0.9688000000000001,
    "temporalEvidenceSource": "cpu-estimate-control-proxy",
    "temporalHistoryFrames": 71,
    "temporalHistoryResetCount": 3,
    "temporalHistoryResetReason": "history-resized",
    "temporalHistoryValid": true,
    "fluidStateResetCount": 1,
    "fluidStateResetReason": "grid-rebuilt",
    "majorantGrid": 48,
    "majorantBuilt": true,
    "majorantFrameCount": 72,
    "majorantCadence": 1,
    "majorantBuiltThisFrame": true,
    "majorantLastBuiltFrame": 70,
    "majorantSkippedFrameCount": 0,
    "simProfile": false,
    "simCostLedger": {
      "identity": "tall-plume-sim-cost-ledger-v0",
      "evidenceSource": "cpu-structural-pass-ledger-plus-raf-queue-proxy",
      "routeIdentity": "native-3d-compute-fluid-raymarch-v0",
      "prototypeIdentity": "kaminos-volume-prototype-v0",
      "effectiveRoute": "native-3d-compute-fluid-raymarch-v0",
      "volumeScene": "tall_plume",
      "grid": 128,
      "majorantGrid": 48,
      "workgroupSize": "4x4x4",
      "fullGridWorkgroupsPerPass": 32768,
      "majorantWorkgroupsPerPass": 1728,
      "simPassesPerFrame": 1,
      "pressureSourceStrategy": "jacobi-inline-divergence-v0",
      "tallPlumePressureIterationStrategy": "inactive",
      "tallPlumePressureIterationTarget": 2,
      "pressureStrategy": "global",
      "tallPlumePressureTierStrategy": "inactive",
      "pressureProjectionReadStrategy": "single-pressure-buffer-read-v0",
      "pressureJacobiFullGridPasses": 3,
      "pressureJacobiPartialSlabPasses": 0,
      "pressureJacobiFullGridEquivalentPasses": 3,
      "pressureTierRequestedBounds": null,
      "pressureTierEffectiveBounds": null,
      "pressureTierOverlayOpacity": 0,
      "pressureTierDispatches": [],
      "pressureTierBounds": null,
      "pressureTierBufferOwnership": null,
      "mainFluidKernelStrategy": "main-fluid-fire-lick-breakup-v0",
      "mainFluidLocalProjectionStrategy": "main-fluid-local-projection-staged-pressure-only-v0",
      "mainFluidLocalProjectionDivergenceEvaluationsPerCell": 0,
      "mainFluidBonfireCombustionFieldStrategy": "non-bonfire-combustion-field-bypass-v0",
      "bonfireCombustionFieldEvaluationsPerCell": 0,
      "mainFluidBonfireProceduralBreakupStrategy": "non-bonfire-procedural-breakup-bypass-v0",
      "bonfireProceduralBreakupEvaluationsPerCell": 0,
      "mainFluidBonfireSymmetricForceStrategy": "non-bonfire-symmetric-force-bypass-v0",
      "bonfireSymmetricForceEvaluationsPerCell": 0,
      "mainFluidBonfireNonWindForceStrategy": "non-bonfire-non-wind-force-bypass-v0",
      "bonfireNonWindForceEvaluationsPerCell": 0,
      "mainFluidBonfireScalarNeighborhoodStrategy": "non-bonfire-scalar-neighborhood-bypass-v0",
      "bonfireScalarNeighborhoodReadsPerCell": 0,
      "tallPlumeDetailCoherenceStrategy": "transported-detail-phase-anchor-v0",
      "tallPlumeDetailCoherenceExtraReadsPerCell": 0,
      "tallPlumeTransitionBandStrategy": "staggered-transition-retirement-v0",
      "tallPlumeTransitionBandExtraReadsPerCell": 0,
      "fireLickBreakupEnabled": true,
      "fireLickBreakupEvaluationsPerCell": 2,
      "fireLickOperatorGain": 6.8500000000000005,
      "pressureDivergencePasses": 0,
      "pressureJacobiPasses": 3,
      "pressureJacobiInlineDivergencePasses": 3,
      "pressureProjectionPasses": 1,
      "fullGridPassesPerFrame": 5,
      "fullGridPassBreakdown": {
        "fluidSim": 1,
        "pressureDivergence": 0,
        "pressureJacobi": 3,
        "pressureJacobiInlineDivergence": 3,
        "pressureJacobiFullGrid": 3,
        "pressureJacobiPartialSlab": 0,
        "pressureJacobiFullGridEquivalent": 3,
        "pressureProjection": 1,
        "total": 5
      },
      "fullGridCellVisitsPerFrame": 10485760,
      "majorantBuildCadence": 1,
      "majorantBuiltThisFrame": true,
      "majorantCellVisitsThisFrame": 110592,
      "majorantEstimatedCellVisitsPerFrame": 110592,
      "majorantLastBuiltFrame": 70,
      "majorantSkippedFrameCount": 0,
      "pressureProjectionEnabled": true,
      "pressureIterationDefault": 2,
      "pressureIterationRequested": 3,
      "simProfile": false,
      "fluidBufferBytes": 134217728,
      "frontFieldBufferBytes": 8388608,
      "pressureBufferBytes": 33554432,
      "majorantBufferBytes": 1769472,
      "externalEmitterBufferBytes": 2560,
      "estimatedResidentBytes": 354093568,
      "timing": {
        "timingEvidenceSource": "raf-and-queue-proxy",
        "timingDisclaimer": "not-gpu-exclusive-or-present-latency",
        "rafFps": 15.698587127158488,
        "frameDeltaMs": 52.600000000000364,
        "frameP95Ms": 63.70000000000027,
        "cpuFrameMs": 0.19999998807907104,
        "cpuFrameP95Ms": 0.6000000238418579,
        "queueDoneMs": 200.39999997615814,
        "queueDoneP95Ms": 274.80000001192093,
        "queueProbePending": false,
        "queueSamples": 5,
        "queueTimingAvailable": true
      }
    },
    "pressureSourceStrategy": "jacobi-inline-divergence-v0",
    "tallPlumePressureIterationStrategy": "inactive",
    "tallPlumePressureIterationTarget": 2,
    "pressureStrategy": "global",
    "tallPlumePressureTierStrategy": "inactive",
    "pressureProjectionReadStrategy": "single-pressure-buffer-read-v0",
    "pressureJacobiFullGridPasses": 3,
    "pressureJacobiPartialSlabPasses": 0,
    "pressureJacobiFullGridEquivalentPasses": 3,
    "pressureTierRequestedBounds": null,
    "pressureTierEffectiveBounds": null,
    "pressureTierOverlayOpacity": 0,
    "pyroMaterialRendererCoupling": {
      "identity": "pyro-material-memory-spatial-coupling-v0",
      "lineage": "pyro-material-memory-render-coupling-v0",
      "visualRole": "opt-in-renderer-diagnostic-not-main-fire-authority",
      "compareMode": "live",
      "compareMuted": false,
      "requestedGain": 1.5,
      "effectiveGain": 1.5,
      "materialShaderReadiness": "sampleable-debug-only",
      "energy": 1,
      "liveFireAuthority": 1,
      "smokeAuthority": 0.784,
      "carrierControls": {
        "interfaceFocus": 0,
        "edgeBite": 1,
        "biteBorderFocus": 0,
        "biteTeeth": 1,
        "biteWake": 1,
        "biteHeight": 0.35,
        "biteFireLock": 0.75,
        "smokeFold": 0.45,
        "foldBorderFocus": 0.95,
        "foldWake": 0.05,
        "wakeLift": 0.45,
        "wakeWarmth": 0.35,
        "radiance": 10,
        "radianceGate": 0.1,
        "radianceSpill": 0.5,
        "radianceWarmth": 0.1,
        "biteHeat": 0,
        "biteChroma": 0.6,
        "radianceHue": 0.05,
        "radianceChroma": 1,
        "radianceSource": "mixed",
        "radianceHeight": 0.45,
        "diagnosticPaint": 0
      },
      "carrierDebug": {
        "view": "normal",
        "viewMode": 0,
        "overdrive": 8,
        "diagnosticPaint": 0,
        "borderSignalMax": 0,
        "biteSignalMax": 12,
        "foldSignalMax": 4.233600000000001,
        "radianceSignalMax": 94.08000000000001,
        "biteShape": "1.00t/1.00w/0.35h/0.75f",
        "foldShape": "0.05w/0.45l/0.35a",
        "radianceShape": "0.10g/0.50s/0.10w/mixed/0.45h",
        "colorShape": "0.00bh/0.60bc/0.05rh/1.00rc"
      },
      "spatialMemory": {
        "identity": "pyro-material-memory-spatial-coupling-v0",
        "textureLayout": {
          "width": 8,
          "height": 3,
          "channels": 4,
          "channelOrder": [
            "energy",
            "confidence",
            "liveFireAuthority",
            "smokeAuthority"
          ]
        },
        "uploadedCells": 24
      }
    },
    "pressureTierDispatches": [],
    "pressureTierBounds": null,
    "pressureTierBufferOwnership": null,
    "volumePrimitiveCount": 0,
    "volumePrimitiveIds": [],
    "volumePrimitives": [],
    "mainFluidKernelStrategy": "main-fluid-fire-lick-breakup-v0",
    "mainFluidLocalProjectionStrategy": "main-fluid-local-projection-staged-pressure-only-v0",
    "mainFluidLocalProjectionDivergenceEvaluationsPerCell": 0,
    "fireLickBreakupEnabled": true,
    "fireLickBreakupEvaluationsPerCell": 2,
    "fireLickOperatorGain": 6.8500000000000005,
    "pressureDivergencePasses": 0,
    "pressureJacobiInlineDivergencePasses": 3,
    "fullGridPassBreakdown": {
      "fluidSim": 1,
      "pressureDivergence": 0,
      "pressureJacobi": 3,
      "pressureJacobiInlineDivergence": 3,
      "pressureJacobiFullGrid": 3,
      "pressureJacobiPartialSlab": 0,
      "pressureJacobiFullGridEquivalent": 3,
      "pressureProjection": 1,
      "total": 5
    },
    "frontFieldIdentity": "combustion-front-topology-sidecar-v0",
    "frontFieldBytes": 8388608,
    "frontFieldReadIndex": 0,
    "frontFieldWriteIndex": 1,
    "frontFieldProjectionPassthrough": true,
    "pyroDynamicDetail": {
      "identity": "pyro-dynamic-detail-atlas-v0",
      "authoritySource": "pyro-dynamic-detail-authority-live-fields-v0",
      "resetPolicy": "pyro-dynamic-detail-reset-policy-v0",
      "updateRule": "pyro-cellular-detail-memory-deterministic-ca-v0",
      "visualRole": "debug-atlas-only-not-main-fire",
      "enabled": true,
      "confidence": 1,
      "liveFireAuthority": 1,
      "smokeAuthority": 0.784,
      "stateEnergy": 1,
      "statePhase": 1.8689815701554178,
      "resetGate": false,
      "resetReasons": [],
      "lastUpdateFrame": 70,
      "lastInputAgeMs": 0,
      "lastReadbackFrame": 37,
      "lastReadbackAgeMs": 1458.800000011921,
      "lastInputKind": "control-proxy",
      "atlasCells": [
        0.46420785476804227,
        0.7339502155664979,
        0.8918988746702063,
        0.5965977390373103,
        0.47946011104193476,
        0.7130284464418191,
        0.6697458013939371,
        0.42719973809177214,
        0.6656740954017195,
        0.7470533687205825,
        0.5218455959840301,
        0.6133242899098057,
        0.8854683486558607,
        0.7131511556320392,
        0.4273717110505312,
        0.5887462959824531,
        0.6885308658248559,
        0.3889790195305647,
        0.5438553844853188,
        0.8062654722385543,
        0.6483169573658243,
        0.5368190356223704,
        0.7919316788981388,
        0.8087225734432648
      ],
      "materialMemory": {
        "identity": "pyro-dynamic-detail-material-contract-v0",
        "authoritySource": "pyro-dynamic-detail-authority-live-fields-v0",
        "resetPolicy": "pyro-dynamic-detail-reset-policy-v0",
        "visualRole": "renderer-adjacent-detail-memory-not-main-fire",
        "textureLayout": {
          "width": 8,
          "height": 3,
          "channels": 4,
          "channelOrder": [
            "energy",
            "confidence",
            "liveFireAuthority",
            "smokeAuthority"
          ]
        },
        "shaderReadiness": "sampleable-debug-only",
        "sampleVector4": [
          [
            0.46420785476804227,
            1,
            1,
            0.784
          ],
          [
            0.7339502155664979,
            1,
            1,
            0.784
          ],
          [
            0.8918988746702063,
            1,
            1,
            0.784
          ],
          [
            0.5965977390373103,
            1,
            1,
            0.784
          ],
          [
            0.47946011104193476,
            1,
            1,
            0.784
          ],
          [
            0.7130284464418191,
            1,
            1,
            0.784
          ],
          [
            0.6697458013939371,
            1,
            1,
            0.784
          ],
          [
            0.42719973809177214,
            1,
            1,
            0.784
          ],
          [
            0.6656740954017195,
            1,
            1,
            0.784
          ],
          [
            0.7470533687205825,
            1,
            1,
            0.784
          ],
          [
            0.5218455959840301,
            1,
            1,
            0.784
          ],
          [
            0.6133242899098057,
            1,
            1,
            0.784
          ],
          [
            0.8854683486558607,
            1,
            1,
            0.784
          ],
          [
            0.7131511556320392,
            1,
            1,
            0.784
          ],
          [
            0.4273717110505312,
            1,
            1,
            0.784
          ],
          [
            0.5887462959824531,
            1,
            1,
            0.784
          ],
          [
            0.6885308658248559,
            1,
            1,
            0.784
          ],
          [
            0.3889790195305647,
            1,
            1,
            0.784
          ],
          [
            0.5438553844853188,
            1,
            1,
            0.784
          ],
          [
            0.8062654722385543,
            1,
            1,
            0.784
          ],
          [
            0.6483169573658243,
            1,
            1,
            0.784
          ],
          [
            0.5368190356223704,
            1,
            1,
            0.784
          ],
          [
            0.7919316788981388,
            1,
            1,
            0.784
          ],
          [
            0.8087225734432648,
            1,
            1,
            0.784
          ]
        ],
        "energyMean": 1
      }
    },
    "lastFrameEnergy": 4.3020000000000005,
    "timing": {
      "timingEvidenceSource": "raf-and-queue-proxy",
      "timingDisclaimer": "not-gpu-exclusive-or-present-latency",
      "rafFps": 15.698587127158488,
      "frameDeltaMs": 43.30000000000018,
      "frameP95Ms": 63.70000000000027,
      "cpuFrameMs": 0.2999999523162842,
      "cpuFrameP95Ms": 0.6000000238418579,
      "queueDoneMs": 200.39999997615814,
      "queueDoneP95Ms": 274.80000001192093,
      "queueProbePending": false,
      "queueSamples": 5,
      "queueTimingAvailable": true
    },
    "error": null,
    "mainFluidBonfireCombustionFieldStrategy": "non-bonfire-combustion-field-bypass-v0",
    "bonfireCombustionFieldEvaluationsPerCell": 0,
    "mainFluidBonfireProceduralBreakupStrategy": "non-bonfire-procedural-breakup-bypass-v0",
    "bonfireProceduralBreakupEvaluationsPerCell": 0,
    "mainFluidBonfireSymmetricForceStrategy": "non-bonfire-symmetric-force-bypass-v0",
    "bonfireSymmetricForceEvaluationsPerCell": 0,
    "mainFluidBonfireNonWindForceStrategy": "non-bonfire-non-wind-force-bypass-v0",
    "bonfireNonWindForceEvaluationsPerCell": 0,
    "mainFluidBonfireScalarNeighborhoodStrategy": "non-bonfire-scalar-neighborhood-bypass-v0",
    "bonfireScalarNeighborhoodReadsPerCell": 0,
    "tallPlumeDetailCoherenceStrategy": "transported-detail-phase-anchor-v0",
    "tallPlumeDetailCoherenceExtraReadsPerCell": 0,
    "tallPlumeTransitionBandStrategy": "staggered-transition-retirement-v0",
    "tallPlumeTransitionBandExtraReadsPerCell": 0,
    "tallPlumeDetailFrequencySource": "fire-scale-decoupled-v0",
    "canonicalPlumeControls": {
      "identity": "canonical-plume-tuning-cockpit-v0",
      "scalarSpread": 1,
      "centerlineRelief": 1,
      "bodyBalance": 0,
      "macroPreset": "",
      "sourceMode": "current",
      "sourceModeValue": 0,
      "sourceY": -0.7400000095367432,
      "sourceInjection": 1,
      "buoyancyLift": 1,
      "renderMode": "default",
      "renderModeValue": 0,
      "motionMode": "animated",
      "motionModeValue": 0,
      "contentMode": "smoke",
      "contentModeValue": 0
    },
    "majorantOccupiedBricks": 6261,
    "majorantImportanceMax": 0.8577069640159607,
    "controls": {
      "volumeScene": "tall_plume",
      "density": 6,
      "fire": 1.5,
      "radiance": 2.25,
      "absorption": 1.7,
      "glow": 2.35,
      "smoke": 2.8,
      "curl": 3.65,
      "microdetail": 2.5,
      "interfaceShred": 4.7,
      "fireLicks": 5,
      "projection": 1.5,
      "speed": 2.55,
      "raySteps": 160,
      "adaptiveRays": 0.05,
      "occupancySkip": 0.05,
      "majorantSkip": 1,
      "majorantSmooth": 0,
      "majorantGuard": 1,
      "temporalAccum": 0,
      "temporalJitter": 0,
      "historyClamp": 1,
      "fireScale": 0.63,
      "detailScale": 0.45,
      "plumeHeight": 1.85,
      "windStrength": 1.5,
      "windAngle": -65,
      "windHeight": -0.8,
      "renderScale": 0.7,
      "inputRadius": 0.14,
      "flowRate": 0.3,
      "resolution": 128,
      "majorantGrid": 48,
      "gridOverlay": 0,
      "flowDebug": 0,
      "lookFreeze": 0,
      "pyroCompareMode": "live",
      "pyroDynamicDetail": 1,
      "pyroMaterialGain": 1.5,
      "pyroInterfaceFocus": 0,
      "pyroEdgeBite": 1,
      "pyroBiteBorder": 0,
      "pyroBiteTeeth": 1,
      "pyroBiteWake": 1,
      "pyroBiteHeight": 0.35,
      "pyroBiteFireLock": 0.75,
      "pyroBiteHeat": 0,
      "pyroBiteChroma": 0.6,
      "pyroSmokeFold": 0.45,
      "pyroFoldBorder": 0.95,
      "pyroFoldWake": 0.05,
      "pyroWakeLift": 0.45,
      "pyroWakeWarmth": 0.35,
      "pyroRadiance": 10,
      "pyroRadianceGate": 0.1,
      "pyroRadianceSpill": 0.5,
      "pyroRadianceWarmth": 0.1,
      "pyroRadianceHue": 0.05,
      "pyroRadianceChroma": 1,
      "pyroRadianceSource": "mixed",
      "pyroRadianceHeight": 0.45,
      "pyroDiagnosticPaint": 0,
      "pyroCarrierView": "normal",
      "pyroOverdrive": 8,
      "pressureMode": "global-p3",
      "pressureEffectiveLabel": "Full P3",
      "pressureTierOverlay": 0,
      "pressureTierLowerMax": 0.5,
      "pressureTierHeroMin": 0.05,
      "pressureTierHeroMax": 0.22,
      "canonicalSpread": 1,
      "canonicalCenterline": 1,
      "canonicalBodyBalance": 0,
      "canonicalMacroPreset": "",
      "canonicalSourceMode": "current",
      "canonicalSourceModeValue": 0,
      "canonicalRenderMode": "default",
      "canonicalRenderModeValue": 0,
      "canonicalMotionMode": "animated",
      "canonicalMotionModeValue": 0,
      "canonicalContentMode": "smoke",
      "canonicalContentModeValue": 0,
      "canonicalSourceY": -0.74,
      "canonicalSourceInjection": 1,
      "canonicalBuoyancy": 1,
      "reactionFuelScale": 1,
      "lifecycleEffect": "none",
      "lifecycleT": 0,
      "quenchVapor": 0,
      "runtimeQualityRequested": "live_high",
      "gpuPressure": 0,
      "runtimeQualityReason": "pyro-carrier-router-looklib-0703",
      "majorantCadence": 1,
      "pressureIterations": 3,
      "pressureStrategy": "global",
      "simProfile": false,
      "rayBudgetPreset": "",
      "bonfireRecenter": 1,
      "bonfireLateralDamping": 1,
      "bonfireShear": 1,
      "bonfireDetailForces": 1,
      "bonfireDepinch": 1,
      "bonfireProjection": 1,
      "bonfireTemporal": 1,
      "bonfireInstabilityProbe": 0,
      "runtimeQualityEffective": "live_high",
      "runtimeQualityReceipt": {
        "identity": "volume-runtime-quality-ladder-v0",
        "requested": "live_high",
        "effective": "live_high",
        "reason": "pyro-carrier-router-looklib-0703",
        "gpuPressure": 0,
        "changedControls": [],
        "knobs": {
          "renderScale": 0.7,
          "raySteps": 160,
          "adaptiveRays": 0.05,
          "occupancySkip": 0.05,
          "majorantSkip": 1,
          "majorantCadence": 1,
          "temporalAccum": 0,
          "pressureStrategy": "global",
          "pressureIterations": 3
        }
      }
    }
  },
  "screenshot": "/private/tmp/kaminos-kaminos-pyro-cellular-ghostfire-butcher-0630/artifacts/pyro-carrier-router-looklib-0703/router-look.png",
  "fullScreenshot": "/private/tmp/kaminos-kaminos-pyro-cellular-ghostfire-butcher-0630/artifacts/pyro-carrier-router-looklib-0703/router-look.full.png"
}
