curl: (7) Failed to connect to 127.0.0.1 port 48231 after 0 ms: Couldn't connect to server
ffmpeg version 8.1 Copyright (c) 2000-2026 the FFmpeg developers
  built with Apple clang version 17.0.0 (clang-1700.6.4.2)
  configuration: --prefix=/opt/homebrew/Cellar/ffmpeg/8.1 --enable-shared --enable-pthreads --enable-version3 --cc=clang --host-cflags= --host-ldflags= --enable-ffplay --enable-gpl --enable-libsvtav1 --enable-libopus --enable-libx264 --enable-libmp3lame --enable-libdav1d --enable-libvmaf --enable-libvpx --enable-libx265 --enable-openssl --enable-videotoolbox --enable-audiotoolbox --enable-neon
  libavutil      60. 26.100 / 60. 26.100
  libavcodec     62. 28.100 / 62. 28.100
  libavformat    62. 12.100 / 62. 12.100
  libavdevice    62.  3.100 / 62.  3.100
  libavfilter    11. 14.100 / 11. 14.100
  libswscale      9.  5.100 /  9.  5.100
  libswresample   6.  3.100 /  6.  3.100
Input #0, image2, from '/Users/noahlyons/.local/state/gpu-greenroom/outputs/kaminos-pyro-radiance-transfer-optical-frozen-r5/presentation-current-captures/frame-%03d.png':
  Duration: 00:00:03.50, start: 0.000000, bitrate: N/A
  Stream #0:0: Video: png, rgba(pc, gbr/unknown/unknown), 314x242, 6 fps, 6 tbr, 6 tbn
Stream mapping:
  Stream #0:0 -> #0:0 (png (native) -> h264 (libx264))
Press [q] to stop, [?] for help
[libx264 @ 0x154604d50] using cpu capabilities: ARMv8 NEON DotProd I8MM
[libx264 @ 0x154604d50] profile High, level 1.2, 4:2:0, 8-bit
[libx264 @ 0x154604d50] 264 - core 165 r3222 b35605a - H.264/MPEG-4 AVC codec - Copyleft 2003-2025 - http://www.videolan.org/x264.html - options: cabac=1 ref=3 deblock=1:0:0 analyse=0x3:0x113 me=hex subme=7 psy=1 psy_rd=1.00:0.00 mixed_ref=1 me_range=16 chroma_me=1 trellis=1 8x8dct=1 cqm=0 deadzone=21,11 fast_pskip=1 chroma_qp_offset=-2 threads=8 lookahead_threads=1 sliced_threads=0 nr=0 decimate=1 interlaced=0 bluray_compat=0 constrained_intra=0 bframes=3 b_pyramid=2 b_adapt=1 b_bias=0 direct=1 weightb=1 open_gop=0 weightp=2 keyint=250 keyint_min=6 scenecut=40 intra_refresh=0 rc_lookahead=40 rc=crf mbtree=1 crf=23.0 qcomp=0.60 qpmin=0 qpmax=69 qpstep=4 ip_ratio=1.40 aq=1:1.00
Output #0, mp4, to '/Users/noahlyons/.local/state/gpu-greenroom/outputs/kaminos-pyro-radiance-transfer-optical-frozen-r5/presentation-orbit.mp4':
  Metadata:
    encoder         : Lavf62.12.100
  Stream #0:0: Video: h264 (avc1 / 0x31637661), yuv420p(tv, progressive), 314x242, q=2-31, 6 fps, 12288 tbn
    Metadata:
      encoder         : Lavc62.28.100 libx264
    Side data:
      CPB properties: bitrate max/min/avg: 0/0/0 buffer size: 0 vbv_delay: N/A
[mp4 @ 0x154604290] Starting second pass: moving the moov atom to the beginning of the file
[out#0/mp4 @ 0x60000077c000] video:98KiB audio:0KiB subtitle:0KiB other streams:0KiB global headers:0KiB muxing overhead: 1.108974%
frame=   21 fps=0.0 q=-1.0 Lsize=      99KiB time=00:00:03.16 bitrate= 256.4kbits/s speed=75.1x elapsed=0:00:00.04    
[libx264 @ 0x154604d50] frame I:1     Avg QP:20.40  size:  7594
[libx264 @ 0x154604d50] frame P:5     Avg QP:21.03  size:  6548
[libx264 @ 0x154604d50] frame B:15    Avg QP:22.09  size:  3956
[libx264 @ 0x154604d50] consecutive B-frames:  4.8%  0.0%  0.0% 95.2%
[libx264 @ 0x154604d50] mb I  I16..4:  0.9% 80.0% 19.1%
[libx264 @ 0x154604d50] mb P  I16..4:  0.7% 33.3% 13.2%  P16..4: 17.1% 16.8%  8.1%  0.0%  0.0%    skip:10.8%
[libx264 @ 0x154604d50] mb B  I16..4:  0.1%  3.0%  4.0%  B16..8: 35.5% 25.5%  8.4%  direct: 7.5%  skip:16.2%  L0:34.7% L1:36.9% BI:28.4%
[libx264 @ 0x154604d50] 8x8 transform intra:65.8% inter:67.0%
[libx264 @ 0x154604d50] coded y,uvDC,uvAC intra: 80.9% 87.8% 71.9% inter: 52.0% 37.8% 5.9%
[libx264 @ 0x154604d50] i16 v,h,dc,p: 47% 12% 29% 12%
[libx264 @ 0x154604d50] i8 v,h,dc,ddl,ddr,vr,hd,vl,hu: 22%  8% 19%  6%  8% 12%  6% 10%  9%
[libx264 @ 0x154604d50] i4 v,h,dc,ddl,ddr,vr,hd,vl,hu: 50%  6% 11%  5%  6%  7%  5%  6%  5%
[libx264 @ 0x154604d50] i8c dc,h,v,p: 44% 14% 27% 15%
[libx264 @ 0x154604d50] Weighted P-Frames: Y:0.0% UV:0.0%
[libx264 @ 0x154604d50] ref P L0: 63.7%  8.6% 18.0%  9.6%
[libx264 @ 0x154604d50] ref B L0: 93.3%  4.9%  1.8%
[libx264 @ 0x154604d50] ref B L1: 98.0%  2.0%
[libx264 @ 0x154604d50] kb/s:227.83
ffmpeg version 8.1 Copyright (c) 2000-2026 the FFmpeg developers
  built with Apple clang version 17.0.0 (clang-1700.6.4.2)
  configuration: --prefix=/opt/homebrew/Cellar/ffmpeg/8.1 --enable-shared --enable-pthreads --enable-version3 --cc=clang --host-cflags= --host-ldflags= --enable-ffplay --enable-gpl --enable-libsvtav1 --enable-libopus --enable-libx264 --enable-libmp3lame --enable-libdav1d --enable-libvmaf --enable-libvpx --enable-libx265 --enable-openssl --enable-videotoolbox --enable-audiotoolbox --enable-neon
  libavutil      60. 26.100 / 60. 26.100
  libavcodec     62. 28.100 / 62. 28.100
  libavformat    62. 12.100 / 62. 12.100
  libavdevice    62.  3.100 / 62.  3.100
  libavfilter    11. 14.100 / 11. 14.100
  libswscale      9.  5.100 /  9.  5.100
  libswresample   6.  3.100 /  6.  3.100
Input #0, image2, from '/Users/noahlyons/.local/state/gpu-greenroom/outputs/kaminos-pyro-radiance-transfer-optical-frozen-r5/presentation-current-captures/frame-%03d.png':
  Duration: 00:00:21.00, start: 0.000000, bitrate: N/A
  Stream #0:0: Video: png, rgba(pc, gbr/unknown/unknown), 314x242, 1 fps, 1 tbr, 1 tbn
Stream mapping:
  Stream #0:0 -> #0:0 (png (native) -> png (native))
Press [q] to stop, [?] for help
Output #0, image2, to '/Users/noahlyons/.local/state/gpu-greenroom/outputs/kaminos-pyro-radiance-transfer-optical-frozen-r5/presentation-contact-sheet.png':
  Metadata:
    encoder         : Lavf62.12.100
  Stream #0:0: Video: png, rgba(pc, gbr/unknown/unknown, progressive), 2198x726, q=2-31, 200 kb/s, 0.05 fps, 0.05 tbn
    Metadata:
      encoder         : Lavc62.28.100 png
[image2 @ 0x12ff06600] The specified filename '/Users/noahlyons/.local/state/gpu-greenroom/outputs/kaminos-pyro-radiance-transfer-optical-frozen-r5/presentation-contact-sheet.png' does not contain an image sequence pattern or a pattern is invalid.
[image2 @ 0x12ff06600] Use a pattern such as %03d for an image sequence or use the -update option (with -frames:v 1 if needed) to write a single image.
[out#0/image2 @ 0x600002e1c480] video:2018KiB audio:0KiB subtitle:0KiB other streams:0KiB global headers:0KiB muxing overhead: unknown
frame=    1 fps=0.0 q=-0.0 Lsize=N/A time=00:00:21.00 bitrate=N/A speed=65.9x elapsed=0:00:00.31    
ffmpeg version 8.1 Copyright (c) 2000-2026 the FFmpeg developers
  built with Apple clang version 17.0.0 (clang-1700.6.4.2)
  configuration: --prefix=/opt/homebrew/Cellar/ffmpeg/8.1 --enable-shared --enable-pthreads --enable-version3 --cc=clang --host-cflags= --host-ldflags= --enable-ffplay --enable-gpl --enable-libsvtav1 --enable-libopus --enable-libx264 --enable-libmp3lame --enable-libdav1d --enable-libvmaf --enable-libvpx --enable-libx265 --enable-openssl --enable-videotoolbox --enable-audiotoolbox --enable-neon
  libavutil      60. 26.100 / 60. 26.100
  libavcodec     62. 28.100 / 62. 28.100
  libavformat    62. 12.100 / 62. 12.100
  libavdevice    62.  3.100 / 62.  3.100
  libavfilter    11. 14.100 / 11. 14.100
  libswscale      9.  5.100 /  9.  5.100
  libswresample   6.  3.100 /  6.  3.100
Input #0, image2, from '/Users/noahlyons/.local/state/gpu-greenroom/outputs/kaminos-pyro-radiance-transfer-optical-frozen-r5/optical-current-captures/frame-%03d.png':
  Duration: 00:00:03.50, start: 0.000000, bitrate: N/A
  Stream #0:0: Video: png, rgba(pc, gbr/unknown/unknown), 314x242, 6 fps, 6 tbr, 6 tbn
Stream mapping:
  Stream #0:0 -> #0:0 (png (native) -> h264 (libx264))
Press [q] to stop, [?] for help
[libx264 @ 0x146f07520] using cpu capabilities: ARMv8 NEON DotProd I8MM
[libx264 @ 0x146f07520] profile High, level 1.2, 4:2:0, 8-bit
[libx264 @ 0x146f07520] 264 - core 165 r3222 b35605a - H.264/MPEG-4 AVC codec - Copyleft 2003-2025 - http://www.videolan.org/x264.html - options: cabac=1 ref=3 deblock=1:0:0 analyse=0x3:0x113 me=hex subme=7 psy=1 psy_rd=1.00:0.00 mixed_ref=1 me_range=16 chroma_me=1 trellis=1 8x8dct=1 cqm=0 deadzone=21,11 fast_pskip=1 chroma_qp_offset=-2 threads=8 lookahead_threads=1 sliced_threads=0 nr=0 decimate=1 interlaced=0 bluray_compat=0 constrained_intra=0 bframes=3 b_pyramid=2 b_adapt=1 b_bias=0 direct=1 weightb=1 open_gop=0 weightp=2 keyint=250 keyint_min=6 scenecut=40 intra_refresh=0 rc_lookahead=40 rc=crf mbtree=1 crf=23.0 qcomp=0.60 qpmin=0 qpmax=69 qpstep=4 ip_ratio=1.40 aq=1:1.00
Output #0, mp4, to '/Users/noahlyons/.local/state/gpu-greenroom/outputs/kaminos-pyro-radiance-transfer-optical-frozen-r5/optical-orbit.mp4':
  Metadata:
    encoder         : Lavf62.12.100
  Stream #0:0: Video: h264 (avc1 / 0x31637661), yuv420p(tv, progressive), 314x242, q=2-31, 6 fps, 12288 tbn
    Metadata:
      encoder         : Lavc62.28.100 libx264
    Side data:
      CPB properties: bitrate max/min/avg: 0/0/0 buffer size: 0 vbv_delay: N/A
[mp4 @ 0x146f068a0] Starting second pass: moving the moov atom to the beginning of the file
[out#0/mp4 @ 0x6000021d0240] video:71KiB audio:0KiB subtitle:0KiB other streams:0KiB global headers:0KiB muxing overhead: 1.525326%
frame=   21 fps=0.0 q=-1.0 Lsize=      72KiB time=00:00:03.16 bitrate= 187.2kbits/s speed=86.8x elapsed=0:00:00.03    
[libx264 @ 0x146f07520] frame I:1     Avg QP:19.56  size:  5935
[libx264 @ 0x146f07520] frame P:5     Avg QP:20.31  size:  4898
[libx264 @ 0x146f07520] frame B:15    Avg QP:21.13  size:  2790
[libx264 @ 0x146f07520] consecutive B-frames:  4.8%  0.0%  0.0% 95.2%
[libx264 @ 0x146f07520] mb I  I16..4:  0.6% 82.5% 16.9%
[libx264 @ 0x146f07520] mb P  I16..4:  0.4% 29.1%  7.8%  P16..4: 19.4% 21.1% 11.5%  0.0%  0.0%    skip:10.8%
[libx264 @ 0x146f07520] mb B  I16..4:  0.1%  2.2%  1.0%  B16..8: 40.0% 24.7%  7.2%  direct: 7.6%  skip:17.2%  L0:40.1% L1:40.6% BI:19.2%
[libx264 @ 0x146f07520] 8x8 transform intra:77.8% inter:68.6%
[libx264 @ 0x146f07520] coded y,uvDC,uvAC intra: 80.4% 84.6% 65.7% inter: 49.7% 40.6% 7.0%
[libx264 @ 0x146f07520] i16 v,h,dc,p: 73%  9% 18%  0%
[libx264 @ 0x146f07520] i8 v,h,dc,ddl,ddr,vr,hd,vl,hu: 24%  8% 22%  6%  7% 11%  5%  8%  8%
[libx264 @ 0x146f07520] i4 v,h,dc,ddl,ddr,vr,hd,vl,hu: 49%  7% 14%  4%  6%  9%  4%  6%  3%
[libx264 @ 0x146f07520] i8c dc,h,v,p: 46% 15% 27% 12%
[libx264 @ 0x146f07520] Weighted P-Frames: Y:0.0% UV:0.0%
[libx264 @ 0x146f07520] ref P L0: 62.2% 10.7% 17.3%  9.8%
[libx264 @ 0x146f07520] ref B L0: 92.9%  5.6%  1.5%
[libx264 @ 0x146f07520] ref B L1: 97.6%  2.4%
[libx264 @ 0x146f07520] kb/s:165.21
ffmpeg version 8.1 Copyright (c) 2000-2026 the FFmpeg developers
  built with Apple clang version 17.0.0 (clang-1700.6.4.2)
  configuration: --prefix=/opt/homebrew/Cellar/ffmpeg/8.1 --enable-shared --enable-pthreads --enable-version3 --cc=clang --host-cflags= --host-ldflags= --enable-ffplay --enable-gpl --enable-libsvtav1 --enable-libopus --enable-libx264 --enable-libmp3lame --enable-libdav1d --enable-libvmaf --enable-libvpx --enable-libx265 --enable-openssl --enable-videotoolbox --enable-audiotoolbox --enable-neon
  libavutil      60. 26.100 / 60. 26.100
  libavcodec     62. 28.100 / 62. 28.100
  libavformat    62. 12.100 / 62. 12.100
  libavdevice    62.  3.100 / 62.  3.100
  libavfilter    11. 14.100 / 11. 14.100
  libswscale      9.  5.100 /  9.  5.100
  libswresample   6.  3.100 /  6.  3.100
Input #0, image2, from '/Users/noahlyons/.local/state/gpu-greenroom/outputs/kaminos-pyro-radiance-transfer-optical-frozen-r5/optical-current-captures/frame-%03d.png':
  Duration: 00:00:21.00, start: 0.000000, bitrate: N/A
  Stream #0:0: Video: png, rgba(pc, gbr/unknown/unknown), 314x242, 1 fps, 1 tbr, 1 tbn
Stream mapping:
  Stream #0:0 -> #0:0 (png (native) -> png (native))
Press [q] to stop, [?] for help
Output #0, image2, to '/Users/noahlyons/.local/state/gpu-greenroom/outputs/kaminos-pyro-radiance-transfer-optical-frozen-r5/optical-contact-sheet.png':
  Metadata:
    encoder         : Lavf62.12.100
  Stream #0:0: Video: png, rgba(pc, gbr/unknown/unknown, progressive), 2198x726, q=2-31, 200 kb/s, 0.05 fps, 0.05 tbn
    Metadata:
      encoder         : Lavc62.28.100 png
[image2 @ 0x133606b60] The specified filename '/Users/noahlyons/.local/state/gpu-greenroom/outputs/kaminos-pyro-radiance-transfer-optical-frozen-r5/optical-contact-sheet.png' does not contain an image sequence pattern or a pattern is invalid.
[image2 @ 0x133606b60] Use a pattern such as %03d for an image sequence or use the -update option (with -frames:v 1 if needed) to write a single image.
[out#0/image2 @ 0x6000010b0480] video:1816KiB audio:0KiB subtitle:0KiB other streams:0KiB global headers:0KiB muxing overhead: unknown
frame=    1 fps=0.0 q=-0.0 Lsize=N/A time=00:00:21.00 bitrate=N/A speed=54.7x elapsed=0:00:00.38    
