  Preprocessing /private/tmp/kaminos-molten-triradial-proposals-0808/artifacts/latest-envelope-basin-reconstruction-v0/flux/armor-seed80301/output.png...
  Background removed
  DINOv3: loaded 412 weight arrays
  Features: (1, 1029, 1024) (MLX)
=== Stage 1: Sparse Structure ===
  Sampled: 18.3s
  2607 sparse voxels at 32³

=== Stage 2a: LR Shape Latent ===
  Sampled: 11.2s (2607 tokens)
  No-cascade: using LR SLat directly (2,607 tokens, grid_size=512)

=== Stage 3: Decode Shape ===
  Level 0 → 1: 12931 voxels
  Level 1 → 2: 63978 voxels
  Level 2 → 3: 302875 voxels
  Level 3 → 4: 1391266 voxels
  Decoded: 18.1s (1,391,266 voxels)
  Subdivision masks: 4 levels

=== Mesh Extraction ===
  1,391,266 voxels, coord range [0, 511], grid_size=512
  Extracted: 1.1s
  1,391,266 vertices, 2,998,016 faces
  Pre-simplify: 53,734V 199,994F (6.6s)
  Removed 25179 duplicate faces
  Removed 70768 non-manifold faces
  Filled 1432 holes (914 too large, max_perimeter=0.03)
  Cleanup: 53,734V 199,994F → 54,291V 109,057F
  Cleanup: 3.7s

=== Stage 4: Texture SLat ===
  Sampled: 5.3s (2,607 tokens)

=== Stage 5: Texture Decode ===
  Level 0 → 1: 12931 voxels
  Level 1 → 2: 63978 voxels
  Level 2 → 3: 302875 voxels
  Level 3 → 4: 1391266 voxels
  Decoded: 8.2s (1,391,266 voxels, 6 channels)
  PBR attrs: RGB [0.11, 0.83] metallic [-0.01, 0.55] roughness [0.19, 0.99]

=== Stage 6: Texture Baking ===
  UV unwrap (xatlas): 160,901V 109,057F (3.1s)
    Rasterizing UV space (109,057 tris, 1024x1024, MLX)...
    555,193 pixels covered (0.6s)
    Interpolated 555,193 positions (0.0s)
    Sampled voxel attrs (1.1s)
    Inpainted seams (0.4s)

  Saved: /private/tmp/kaminos-molten-triradial-proposals-0808/artifacts/latest-envelope-basin-reconstruction-v0/trellis/armor-seed80301/output.glb (9.8MB)

Total: 85.7s
