  Preprocessing /private/tmp/kaminos-molten-triradial-proposals-0808/artifacts/latest-envelope-basin-reconstruction-v0/flux/shell-seed80302/output.png...
  Background removed
  DINOv3: loaded 412 weight arrays
  Features: (1, 1029, 1024) (MLX)
=== Stage 1: Sparse Structure ===
  Sampled: 15.5s
  3954 sparse voxels at 32³

=== Stage 2a: LR Shape Latent ===
  Sampled: 16.2s (3954 tokens)
  No-cascade: using LR SLat directly (3,954 tokens, grid_size=512)

=== Stage 3: Decode Shape ===
  Level 0 → 1: 19313 voxels
  Level 1 → 2: 97200 voxels
  Level 2 → 3: 415517 voxels
  Level 3 → 4: 1756813 voxels
  Decoded: 21.8s (1,756,813 voxels)
  Subdivision masks: 4 levels

=== Mesh Extraction ===
  1,756,813 voxels, coord range [0, 511], grid_size=512
  Extracted: 1.2s
  1,756,813 vertices, 3,537,566 faces
  Pre-simplify: 84,930V 199,999F (1.2s)
  Removed 3794 duplicate faces
  Removed 21487 non-manifold faces
  Filled 1422 holes (563 too large, max_perimeter=0.03)
  Cleanup: 84,930V 199,999F → 86,094V 180,041F
  Cleanup: 4.8s

=== Stage 4: Texture SLat ===
  Sampled: 8.5s (3,954 tokens)

=== Stage 5: Texture Decode ===
  Level 0 → 1: 19313 voxels
  Level 1 → 2: 97200 voxels
  Level 2 → 3: 415517 voxels
  Level 3 → 4: 1756813 voxels
  Decoded: 10.6s (1,756,813 voxels, 6 channels)
  PBR attrs: RGB [0.79, 0.80] metallic [-0.00, 0.01] roughness [0.39, 0.40]

=== Stage 6: Texture Baking ===
  UV unwrap (xatlas): 170,154V 180,041F (7.5s)
    Rasterizing UV space (180,041 tris, 1024x1024, MLX)...
    662,575 pixels covered (0.8s)
    Interpolated 662,575 positions (0.0s)
    Sampled voxel attrs (1.4s)
    Inpainted seams (0.4s)

  Saved: /private/tmp/kaminos-molten-triradial-proposals-0808/artifacts/latest-envelope-basin-reconstruction-v0/trellis/shell-seed80302/output.glb (8.8MB)

Total: 92.7s
