  Preprocessing /private/tmp/kaminos-molten-triradial-proposals-0808/artifacts/cat-carrier-revision-050-prompt-lighting-v0/runs/dragon-lighting-01-seed80301/output.png...
  Background removed
  DINOv3: loaded 412 weight arrays
  Features: (1, 1029, 1024) (MLX)
=== Stage 1: Sparse Structure ===
  Sampled: 47.6s
  1436 sparse voxels at 32³

=== Stage 2a: LR Shape Latent ===
  Sampled: 12.9s (1436 tokens)
  No-cascade: using LR SLat directly (1,436 tokens, grid_size=512)

=== Stage 3: Decode Shape ===
  Level 0 → 1: 6016 voxels
  Level 1 → 2: 25288 voxels
  Level 2 → 3: 105999 voxels
  Level 3 → 4: 441110 voxels
  Decoded: 7.7s (441,110 voxels)
  Subdivision masks: 4 levels

=== Mesh Extraction ===
  441,110 voxels, coord range [0, 511], grid_size=512
  Extracted: 0.4s
  441,110 vertices, 905,242 faces
  Pre-simplify: 90,130V 199,998F (0.3s)
  Removed 3775 duplicate faces
  Removed 22980 non-manifold faces
  Filled 3230 holes (557 too large, max_perimeter=0.03)
  Cleanup: 90,130V 199,998F → 92,636V 186,669F
  Cleanup: 6.4s

=== Stage 4: Texture SLat ===
  Sampled: 6.6s (1,436 tokens)

=== Stage 5: Texture Decode ===
  Level 0 → 1: 6016 voxels
  Level 1 → 2: 25288 voxels
  Level 2 → 3: 105999 voxels
  Level 3 → 4: 441110 voxels
  Decoded: 4.1s (441,110 voxels, 6 channels)
  PBR attrs: RGB [0.04, 0.77] metallic [-0.00, 0.15] roughness [-0.08, 0.59]

=== Stage 6: Texture Baking ===
  UV unwrap (xatlas): 173,670V 186,669F (7.4s)
    Rasterizing UV space (186,669 tris, 1024x1024, MLX)...
    599,177 pixels covered (0.8s)
    Interpolated 599,177 positions (0.0s)
    Sampled voxel attrs (0.9s)
    Inpainted seams (0.6s)

  Saved: /private/tmp/kaminos-molten-triradial-proposals-0808/artifacts/cat-carrier-revision-050-prompt-lighting-v0/trellis/dragon-lighting-01-seed80301/output.glb (10.6MB)

Total: 108.6s
