  Preprocessing /private/tmp/kaminos-burning-demon-asset-adapter-luna-0923/artifacts/structural-material-3d/stone-arch-source-pair-2026-09-24/stone-arch-outer-notch.png...
  Background removed (rembg/u2net)
  DINOv3: loaded 412 weight arrays
  Features: (1, 1029, 1024) (MLX)
=== Stage 1: Sparse Structure ===
  Sampled: 33.1s
  2163 sparse voxels at 32³

=== Stage 2a: LR Shape Latent ===
  Sampled: 16.0s (2163 tokens)

=== Stage 2b: Upsample → HR coordinates ===
  Level 0 → 1: 8788 voxels
  Level 1 → 2: 35411 voxels
  Level 2 → 3: 142355 voxels
  Level 3 → 4: 569315 voxels
  Upsampled: 20.1s (569,315 voxels)
  HR coords: 2,110 tokens at res 512, coord range [0, 31]

=== Stage 2c: HR Shape Latent ===
  Sampled: 19.5s (2,110 tokens)

=== Stage 3: Decode Shape ===
  Level 0 → 1: 8487 voxels
  Level 1 → 2: 34161 voxels
  Level 2 → 3: 138269 voxels
  Level 3 → 4: 560684 voxels
  Decoded: 9.5s (560,684 voxels)
  Subdivision masks: 4 levels

=== Mesh Extraction ===
  560,684 voxels, coord range [6, 506], grid_size=512
  Extracted: 0.5s
  560,684 vertices, 1,123,218 faces
  Pre-simplify: 96,109V 200,000F (0.4s)
  Removed 2205 duplicate faces
  Split 34593 vertices across 15078 non-manifold edges
  Removed 6558 small components (9,692 faces, 4.9%)
  Filled 3973 holes (783 too large, max_perimeter=0.03)
  Cleanup: 96,109V 200,000F → 111,958V 208,313F
  Cleanup: 31.7s

=== Stage 4: Texture SLat ===
  Sampled: 9.4s (2,110 tokens)

=== Stage 5: Texture Decode ===
  Level 0 → 1: 8487 voxels
  Level 1 → 2: 34161 voxels
  Level 2 → 3: 138269 voxels
  Level 3 → 4: 560684 voxels
  Decoded: 3.2s (560,684 voxels, 6 channels)
  PBR attrs: RGB [0.04, 0.99] metallic [-0.00, 0.00] roughness [1.00, 1.00]

=== Stage 6: Texture Baking ===
  UV unwrap (xatlas): 177,999V 208,313F (16.0s)
    Rasterizing UV space (208,313 tris, 1024x1024, MLX)...
    606,518 pixels covered (1.1s)
    Interpolated 606,518 positions (0.0s)
    Sampled voxel attrs (0.9s)
    Inpainted seams (11.7s)

  Saved: /private/tmp/kaminos-burning-demon-asset-adapter-luna-0923/artifacts/structural-material-3d/stone-arch-source-pair-2026-09-24/trellis-outer-notch/output.glb (10.0MB)

Total: 520.9s
