  Preprocessing /private/tmp/kaminos-molten-triradial-proposals-0808/artifacts/latest-envelope-basin-reconstruction-v0/flux/armor-seed80413/output.png...
  Background removed
  DINOv3: loaded 412 weight arrays
  Features: (1, 1029, 1024) (MLX)
=== Stage 1: Sparse Structure ===
  Sampled: 15.7s
  3216 sparse voxels at 32³

=== Stage 2a: LR Shape Latent ===
  Sampled: 12.4s (3216 tokens)
  No-cascade: using LR SLat directly (3,216 tokens, grid_size=512)

=== Stage 3: Decode Shape ===
  Level 0 → 1: 15674 voxels
  Level 1 → 2: 76933 voxels
  Level 2 → 3: 368763 voxels
  Level 3 → 4: 1629969 voxels
  Decoded: 19.6s (1,629,969 voxels)
  Subdivision masks: 4 levels

=== Mesh Extraction ===
  1,629,969 voxels, coord range [0, 511], grid_size=512
  Extracted: 1.1s
  1,629,969 vertices, 3,323,044 faces
  Pre-simplify: 78,727V 199,999F (1.2s)
  Removed 8445 duplicate faces
  Removed 38584 non-manifold faces
  Filled 2986 holes (1107 too large, max_perimeter=0.03)
  Cleanup: 78,727V 199,999F → 81,065V 163,973F
  Cleanup: 4.7s

=== Stage 4: Texture SLat ===
  Sampled: 6.4s (3,216 tokens)

=== Stage 5: Texture Decode ===
  Level 0 → 1: 15674 voxels
  Level 1 → 2: 76933 voxels
  Level 2 → 3: 368763 voxels
  Level 3 → 4: 1629969 voxels
  Decoded: 9.5s (1,629,969 voxels, 6 channels)
  PBR attrs: RGB [0.04, 0.90] metallic [-0.00, 0.00] roughness [0.78, 0.79]

=== Stage 6: Texture Baking ===
  UV unwrap (xatlas): 178,479V 163,973F (3.9s)
    Rasterizing UV space (163,973 tris, 1024x1024, MLX)...
    632,264 pixels covered (0.7s)
    Interpolated 632,264 positions (0.0s)
    Sampled voxel attrs (1.3s)
    Inpainted seams (0.4s)

  Saved: /private/tmp/kaminos-molten-triradial-proposals-0808/artifacts/latest-envelope-basin-reconstruction-v0/trellis/armor-seed80413/output.glb (9.7MB)

Total: 79.6s
