  Preprocessing /private/tmp/kaminos-molten-triradial-proposals-0808/artifacts/cat-carrier-revision-050-prompt-lighting-v0/runs/generic-04-seed80302/output.png...
  Background removed
  DINOv3: loaded 412 weight arrays
  Features: (1, 1029, 1024) (MLX)
=== Stage 1: Sparse Structure ===
  Sampled: 42.1s
  1718 sparse voxels at 32³

=== Stage 2a: LR Shape Latent ===
  Sampled: 14.4s (1718 tokens)
  No-cascade: using LR SLat directly (1,718 tokens, grid_size=512)

=== Stage 3: Decode Shape ===
  Level 0 → 1: 6859 voxels
  Level 1 → 2: 27697 voxels
  Level 2 → 3: 111376 voxels
  Level 3 → 4: 446023 voxels
  Decoded: 9.1s (446,023 voxels)
  Subdivision masks: 4 levels

=== Mesh Extraction ===
  446,023 voxels, coord range [0, 511], grid_size=512
  Extracted: 0.4s
  446,023 vertices, 891,354 faces
  Pre-simplify: 99,284V 199,999F (0.3s)
  Removed 700 duplicate faces
  Removed 2077 non-manifold faces
  Filled 866 holes (28 too large, max_perimeter=0.03)
  Cleanup: 99,284V 199,999F → 100,012V 200,578F
  Cleanup: 7.4s

=== Stage 4: Texture SLat ===
  Sampled: 13.8s (1,718 tokens)

=== Stage 5: Texture Decode ===
  Level 0 → 1: 6859 voxels
  Level 1 → 2: 27697 voxels
  Level 2 → 3: 111376 voxels
  Level 3 → 4: 446023 voxels
  Decoded: 7.1s (446,023 voxels, 6 channels)
  PBR attrs: RGB [0.07, 0.71] metallic [-0.00, 0.00] roughness [0.47, 0.78]

=== Stage 6: Texture Baking ===
  UV unwrap (xatlas): 142,891V 200,578F (19.3s)
    Rasterizing UV space (200,578 tris, 1024x1024, MLX)...
    527,503 pixels covered (0.9s)
    Interpolated 527,503 positions (0.1s)
    Sampled voxel attrs (1.1s)
    Inpainted seams (1.1s)

  Saved: /private/tmp/kaminos-molten-triradial-proposals-0808/artifacts/cat-carrier-revision-050-prompt-lighting-v0/trellis/generic-04-seed80302/output.glb (8.7MB)

Total: 129.9s
