  Preprocessing /private/tmp/kaminos-molten-triradial-proposals-0808/artifacts/cat-carrier-revision-050-camera-authority-v0/runs/revision-050-matched-cat-seed80301/output.png...
  Background removed
  DINOv3: loaded 412 weight arrays
  Features: (1, 1029, 1024) (MLX)
=== Stage 1: Sparse Structure ===
  Sampled: 15.8s
  1470 sparse voxels at 32³

=== Stage 2a: LR Shape Latent ===
  Sampled: 5.3s (1470 tokens)
  No-cascade: using LR SLat directly (1,470 tokens, grid_size=512)

=== Stage 3: Decode Shape ===
  Level 0 → 1: 6410 voxels
  Level 1 → 2: 29927 voxels
  Level 2 → 3: 148330 voxels
  Level 3 → 4: 722609 voxels
  Decoded: 8.7s (722,609 voxels)
  Subdivision masks: 4 levels

=== Mesh Extraction ===
  722,609 voxels, coord range [0, 511], grid_size=512
  Extracted: 0.5s
  722,609 vertices, 1,475,714 faces
  Pre-simplify: 87,399V 199,999F (0.5s)
  Removed 4049 duplicate faces
  Removed 23292 non-manifold faces
  Filled 2015 holes (516 too large, max_perimeter=0.03)
  Cleanup: 87,399V 199,999F → 88,812V 180,647F
  Cleanup: 5.0s

=== Stage 4: Texture SLat ===
  Sampled: 2.8s (1,470 tokens)

=== Stage 5: Texture Decode ===
  Level 0 → 1: 6410 voxels
  Level 1 → 2: 29927 voxels
  Level 2 → 3: 148330 voxels
  Level 3 → 4: 722609 voxels
  Decoded: 4.3s (722,609 voxels, 6 channels)
  PBR attrs: RGB [0.11, 0.85] metallic [-0.01, 0.94] roughness [0.22, 0.56]

=== Stage 6: Texture Baking ===
  UV unwrap (xatlas): 160,927V 180,647F (5.9s)
    Rasterizing UV space (180,647 tris, 1024x1024, MLX)...
    638,842 pixels covered (0.6s)
    Interpolated 638,842 positions (0.0s)
    Sampled voxel attrs (0.8s)
    Inpainted seams (0.5s)

  Saved: /private/tmp/kaminos-molten-triradial-proposals-0808/artifacts/cat-carrier-revision-050-camera-authority-v0/trellis/revision-050-matched-cat-seed80301/output.glb (9.4MB)

Total: 58.5s
