  Preprocessing /private/tmp/kaminos-molten-triradial-proposals-0808/artifacts/cat-carrier-cross-basin-authority-v0/runs/revision-048-golem-seed80301/output.png...
  Background removed
  DINOv3: loaded 412 weight arrays
  Features: (1, 1029, 1024) (MLX)
=== Stage 1: Sparse Structure ===
  Sampled: 39.5s
  2149 sparse voxels at 32³

=== Stage 2a: LR Shape Latent ===
  Sampled: 17.2s (2149 tokens)
  No-cascade: using LR SLat directly (2,149 tokens, grid_size=512)

=== Stage 3: Decode Shape ===
  Level 0 → 1: 9448 voxels
  Level 1 → 2: 42568 voxels
  Level 2 → 3: 202099 voxels
  Level 3 → 4: 1040534 voxels
  Decoded: 13.3s (1,040,534 voxels)
  Subdivision masks: 4 levels

=== Mesh Extraction ===
  1,040,534 voxels, coord range [0, 511], grid_size=512
  Extracted: 0.9s
  1,040,534 vertices, 3,150,164 faces
  Pre-simplify: 29,603V 209,051F (24.7s)
  Removed 88479 duplicate faces
  Removed 78728 non-manifold faces
  Filled 744 holes (667 too large, max_perimeter=0.03)
  Cleanup: 29,603V 209,051F → 27,499V 44,557F
  Cleanup: 1.5s

=== Stage 4: Texture SLat ===
  Sampled: 4.4s (2,149 tokens)

=== Stage 5: Texture Decode ===
  Level 0 → 1: 9448 voxels
  Level 1 → 2: 42568 voxels
  Level 2 → 3: 202099 voxels
  Level 3 → 4: 1040534 voxels
  Decoded: 5.7s (1,040,534 voxels, 6 channels)
  PBR attrs: RGB [-0.00, 0.66] metallic [-0.00, 0.00] roughness [0.71, 1.01]

=== Stage 6: Texture Baking ===
  UV unwrap (xatlas): 74,550V 44,557F (0.8s)
    Rasterizing UV space (44,557 tris, 1024x1024, MLX)...
    581,495 pixels covered (0.6s)
    Interpolated 581,495 positions (0.0s)
    Sampled voxel attrs (0.9s)
    Inpainted seams (0.4s)

  Saved: /private/tmp/kaminos-molten-triradial-proposals-0808/artifacts/cat-carrier-cross-basin-authority-v0/trellis/revision-048-golem-seed80301/output.glb (5.4MB)

Total: 114.7s
