  Preprocessing /private/tmp/kaminos-handy-candyman-skull-muzzle-0819/artifacts/skull-muzzle-frontal-2026-08-21/flux-surface-matrix/wave-2/seed-81412/08-feature-animation/output.png...
  Background removed
  DINOv3: loaded 412 weight arrays
  Features: (1, 1029, 1024) (MLX)
=== Stage 1: Sparse Structure ===
  Sampled: 22.0s
  5335 sparse voxels at 32³

=== Stage 2a: LR Shape Latent ===
  Sampled: 33.1s (5335 tokens)
  No-cascade: using LR SLat directly (5,335 tokens, grid_size=512)

=== Stage 3: Decode Shape ===
  Level 0 → 1: 24629 voxels
  Level 1 → 2: 116935 voxels
  Level 2 → 3: 568416 voxels
  Level 3 → 4: 2518821 voxels
  Decoded: 35.4s (2,518,821 voxels)
  Subdivision masks: 4 levels

=== Mesh Extraction ===
  2,518,821 voxels, coord range [0, 511], grid_size=512
  Extracted: 2.1s
  2,518,821 vertices, 5,059,146 faces
  Checkpoint saved: mesh_raw (151.6 MB)
  Pre-simplify: 37,547V 99,998F (4.7s)
  Removed 6121 duplicate faces
  Removed 22599 non-manifold faces
  Filled 2142 holes (854 too large, max_perimeter=0.03)
  Cleanup: 37,547V 99,998F → 39,228V 78,657F
  Cleanup: 2.4s

=== Stage 4: Texture SLat ===
  Sampled: 33.2s (5,335 tokens)

=== Stage 5: Texture Decode ===
  Level 0 → 1: 24629 voxels
  Level 1 → 2: 116935 voxels
  Level 2 → 3: 568416 voxels
  Level 3 → 4: 2518821 voxels
  Decoded: 16.0s (2,518,821 voxels, 6 channels)
  PBR attrs: RGB [-0.04, 1.09] metallic [-0.01, 0.06] roughness [-0.02, 0.89]
  Checkpoint saved: texture (90.7 MB)

=== Stage 6: Texture Baking ===
  UV unwrap (xatlas): 87,238V 78,657F (1.5s)
    Rasterizing UV space (78,657 tris, 512x512, MLX)...
    169,664 pixels covered (0.5s)
    Interpolated 169,664 positions (0.0s)
    Sampled voxel attrs (1.1s)
    Inpainted seams (0.2s)

  Saved: /private/tmp/kaminos-handy-candyman-skull-muzzle-0819/artifacts/skull-muzzle-frontal-2026-08-21/flux-surface-matrix/trellis-comparison/08-feature-animation-81412/output.glb (4.4MB)

Total: 166.1s
