  Preprocessing /private/tmp/kaminos-molten-triradial-proposals-0808/artifacts/latest-envelope-basin-reconstruction-v0/flux/mossy-stone-seed80302/output.png...
  Background removed
  DINOv3: loaded 412 weight arrays
  Features: (1, 1029, 1024) (MLX)
=== Stage 1: Sparse Structure ===
  Sampled: 16.4s
  2808 sparse voxels at 32³

=== Stage 2a: LR Shape Latent ===
  Sampled: 10.4s (2808 tokens)
  No-cascade: using LR SLat directly (2,808 tokens, grid_size=512)

=== Stage 3: Decode Shape ===
  Level 0 → 1: 13289 voxels
  Level 1 → 2: 68398 voxels
  Level 2 → 3: 391856 voxels
  Level 3 → 4: 2466161 voxels
  Decoded: 32.4s (2,466,161 voxels)
  Subdivision masks: 4 levels

=== Mesh Extraction ===
  2,466,161 voxels, coord range [0, 511], grid_size=512
  Extracted: 3.1s
  2,466,161 vertices, 11,048,568 faces
  Pre-simplify: 32,753V 641,614F (257.5s)
  Removed 447244 duplicate faces
  Removed 150247 non-manifold faces
  Filled 504 holes (620 too large, max_perimeter=0.03)
  Cleanup: 32,753V 641,614F → 29,933V 45,800F
  Cleanup: 1.9s

=== Stage 4: Texture SLat ===
  Sampled: 5.6s (2,808 tokens)

=== Stage 5: Texture Decode ===
  Level 0 → 1: 13289 voxels
  Level 1 → 2: 68398 voxels
  Level 2 → 3: 391856 voxels
  Level 3 → 4: 2466161 voxels
  Decoded: 13.1s (2,466,161 voxels, 6 channels)
  PBR attrs: RGB [0.06, 0.77] metallic [-0.01, 0.02] roughness [-0.00, 0.96]

=== Stage 6: Texture Baking ===
  UV unwrap (xatlas): 96,090V 45,800F (1.0s)
    Rasterizing UV space (45,800 tris, 1024x1024, MLX)...
    428,575 pixels covered (0.6s)
    Interpolated 428,575 positions (0.0s)
    Sampled voxel attrs (1.2s)
    Inpainted seams (0.6s)

  Saved: /private/tmp/kaminos-molten-triradial-proposals-0808/artifacts/latest-envelope-basin-reconstruction-v0/trellis/mossy-stone-seed80302/output.glb (6.0MB)

Total: 346.6s
