  Preprocessing /private/tmp/kaminos-molten-triradial-proposals-0808/artifacts/latest-envelope-basin-reconstruction-v0/flux/armor-seed80302/output.png...
  Background removed
  DINOv3: loaded 412 weight arrays
  Features: (1, 1029, 1024) (MLX)
=== Stage 1: Sparse Structure ===
  Sampled: 15.6s
  3558 sparse voxels at 32³

=== Stage 2a: LR Shape Latent ===
  Sampled: 14.5s (3558 tokens)
  No-cascade: using LR SLat directly (3,558 tokens, grid_size=512)

=== Stage 3: Decode Shape ===
  Level 0 → 1: 17304 voxels
  Level 1 → 2: 83215 voxels
  Level 2 → 3: 358842 voxels
  Level 3 → 4: 1512940 voxels
  Decoded: 20.0s (1,512,940 voxels)
  Subdivision masks: 4 levels

=== Mesh Extraction ===
  1,512,940 voxels, coord range [0, 511], grid_size=512
  Extracted: 1.1s
  1,512,940 vertices, 3,123,170 faces
  Pre-simplify: 75,022V 199,999F (1.2s)
  Removed 12079 duplicate faces
  Removed 45144 non-manifold faces
  Filled 2012 holes (832 too large, max_perimeter=0.03)
  Cleanup: 75,022V 199,999F → 76,311V 150,478F
  Cleanup: 4.3s

=== Stage 4: Texture SLat ===
  Sampled: 7.5s (3,558 tokens)

=== Stage 5: Texture Decode ===
  Level 0 → 1: 17304 voxels
  Level 1 → 2: 83215 voxels
  Level 2 → 3: 358842 voxels
  Level 3 → 4: 1512940 voxels
  Decoded: 9.4s (1,512,940 voxels, 6 channels)
  PBR attrs: RGB [0.59, 0.62] metallic [0.99, 1.05] roughness [0.30, 0.57]

=== Stage 6: Texture Baking ===
  UV unwrap (xatlas): 162,300V 150,478F (2.7s)
    Rasterizing UV space (150,478 tris, 1024x1024, MLX)...
    645,914 pixels covered (0.7s)
    Interpolated 645,914 positions (0.0s)
    Sampled voxel attrs (1.2s)
    Inpainted seams (0.4s)

  Saved: /private/tmp/kaminos-molten-triradial-proposals-0808/artifacts/latest-envelope-basin-reconstruction-v0/trellis/armor-seed80302/output.glb (8.2MB)

Total: 81.4s
