  Preprocessing /private/tmp/kaminos-molten-triradial-proposals-0808/artifacts/cat-carrier-revision-050-prompt-lighting-v0/runs/generic-04-seed80301/output.png...
  Background removed
  DINOv3: loaded 412 weight arrays
  Features: (1, 1029, 1024) (MLX)
=== Stage 1: Sparse Structure ===
  Sampled: 35.2s
  1953 sparse voxels at 32³

=== Stage 2a: LR Shape Latent ===
  Sampled: 17.2s (1953 tokens)
  No-cascade: using LR SLat directly (1,953 tokens, grid_size=512)

=== Stage 3: Decode Shape ===
  Level 0 → 1: 8764 voxels
  Level 1 → 2: 42414 voxels
  Level 2 → 3: 218870 voxels
  Level 3 → 4: 912528 voxels
  Decoded: 24.1s (912,528 voxels)
  Subdivision masks: 4 levels

=== Mesh Extraction ===
  912,528 voxels, coord range [0, 511], grid_size=512
  Extracted: 1.5s
  912,528 vertices, 1,822,442 faces
  Pre-simplify: 97,676V 199,999F (1.1s)
  Removed 1209 duplicate faces
  Removed 5408 non-manifold faces
  Filled 1452 holes (141 too large, max_perimeter=0.03)
  Cleanup: 97,676V 199,999F → 98,945V 198,897F
  Cleanup: 11.3s

=== Stage 4: Texture SLat ===
  Sampled: 14.8s (1,953 tokens)

=== Stage 5: Texture Decode ===
  Level 0 → 1: 8764 voxels
  Level 1 → 2: 42414 voxels
  Level 2 → 3: 218870 voxels
  Level 3 → 4: 912528 voxels
  Decoded: 15.1s (912,528 voxels, 6 channels)
  PBR attrs: RGB [0.25, 0.70] metallic [-0.00, 0.00] roughness [0.45, 0.47]

=== Stage 6: Texture Baking ===
  UV unwrap (xatlas): 146,644V 198,897F (19.4s)
    Rasterizing UV space (198,897 tris, 1024x1024, MLX)...
    538,194 pixels covered (0.7s)
    Interpolated 538,194 positions (0.0s)
    Sampled voxel attrs (1.0s)
    Inpainted seams (0.9s)

  Saved: /private/tmp/kaminos-molten-triradial-proposals-0808/artifacts/cat-carrier-revision-050-prompt-lighting-v0/trellis/generic-04-seed80301/output.glb (8.7MB)

Total: 158.5s
