ffmpeg version 8.1 Copyright (c) 2000-2026 the FFmpeg developers
  built with Apple clang version 17.0.0 (clang-1700.6.4.2)
  configuration: --prefix=/opt/homebrew/Cellar/ffmpeg/8.1 --enable-shared --enable-pthreads --enable-version3 --cc=clang --host-cflags= --host-ldflags= --enable-ffplay --enable-gpl --enable-libsvtav1 --enable-libopus --enable-libx264 --enable-libmp3lame --enable-libdav1d --enable-libvmaf --enable-libvpx --enable-libx265 --enable-openssl --enable-videotoolbox --enable-audiotoolbox --enable-neon
  libavutil      60. 26.100 / 60. 26.100
  libavcodec     62. 28.100 / 62. 28.100
  libavformat    62. 12.100 / 62. 12.100
  libavdevice    62.  3.100 / 62.  3.100
  libavfilter    11. 14.100 / 11. 14.100
  libswscale      9.  5.100 /  9.  5.100
  libswresample   6.  3.100 /  6.  3.100
Input #0, image2, from 'artifacts/pyro-phase-transport-motion-r2-0713/beauty/predicted/frame-%03d.png':
  Duration: 00:00:01.08, start: 0.000000, bitrate: N/A
  Stream #0:0: Video: png, rgba(pc, gbr/unknown/unknown), 320x240, 12 fps, 12 tbr, 12 tbn
Input #1, image2, from 'artifacts/pyro-phase-transport-motion-r2-0713/beauty/reference/frame-%03d.png':
  Duration: 00:00:01.08, start: 0.000000, bitrate: N/A
  Stream #1:0: Video: png, rgba(pc, gbr/unknown/unknown), 320x240, 12 fps, 12 tbr, 12 tbn
Stream mapping:
  Stream #0:0 (png) -> psnr
  Stream #0:0 (png) -> ssim
  Stream #1:0 (png) -> psnr
  Stream #1:0 (png) -> ssim
  psnr:default -> Stream #0:0 (wrapped_avframe)
  ssim:default -> Stream #0:1 (wrapped_avframe)
Press [q] to stop, [?] for help
Output #0, null, to 'pipe:':
  Metadata:
    encoder         : Lavf62.12.100
  Stream #0:0: Video: wrapped_avframe, gbrap(pc, gbr/unknown/unknown, progressive), 320x240, q=2-31, 200 kb/s, 12 fps, 12 tbn (default)
    Metadata:
      encoder         : Lavc62.28.100 wrapped_avframe
  Stream #0:1: Video: wrapped_avframe, gbrp(pc, gbr/unknown/unknown, progressive), 320x240, q=2-31, 200 kb/s, 12 fps, 12 tbn
    Metadata:
      encoder         : Lavc62.28.100 wrapped_avframe
[Parsed_psnr_0 @ 0x60000098c000] PSNR r:19.962262 g:20.962904 b:22.986761 a:inf average:22.379619 min:19.481037 max:31.338647
[Parsed_ssim_1 @ 0x60000098c0c0] SSIM R:0.773403 (6.447459) G:0.813225 (7.286806) B:0.829667 (7.687012) All:0.805432 (7.109276)
[out#0/null @ 0x600000988540] video:11KiB audio:0KiB subtitle:0KiB other streams:0KiB global headers:0KiB muxing overhead: unknown
frame=   13 fps=0.0 q=-0.0 Lq=-0.0 size=N/A time=00:00:01.08 bitrate=N/A speed= 8.8x elapsed=0:00:00.12    
