  Preprocessing /private/tmp/kaminos-molten-triradial-proposals-0808/artifacts/cat-carrier-revision-050-camera-authority-v0/runs/revision-050-oblique-negative-35-golem-seed80301/output.png...
  Background removed
  DINOv3: loaded 412 weight arrays
  Features: (1, 1029, 1024) (MLX)
=== Stage 1: Sparse Structure ===
  Sampled: 15.4s
  1342 sparse voxels at 32³

=== Stage 2a: LR Shape Latent ===
  Sampled: 4.6s (1342 tokens)
  No-cascade: using LR SLat directly (1,342 tokens, grid_size=512)

=== Stage 3: Decode Shape ===
  Level 0 → 1: 6130 voxels
  Level 1 → 2: 27289 voxels
  Level 2 → 3: 117613 voxels
  Level 3 → 4: 507302 voxels
  Decoded: 5.8s (507,302 voxels)
  Subdivision masks: 4 levels

=== Mesh Extraction ===
  507,302 voxels, coord range [0, 511], grid_size=512
  Extracted: 0.3s
  507,302 vertices, 1,132,410 faces
  Pre-simplify: 76,748V 199,999F (0.4s)
  Removed 16437 duplicate faces
  Removed 43773 non-manifold faces
  Filled 1887 holes (742 too large, max_perimeter=0.03)
  Cleanup: 76,748V 199,999F → 76,962V 147,630F
  Cleanup: 4.3s

=== Stage 4: Texture SLat ===
  Sampled: 2.6s (1,342 tokens)

=== Stage 5: Texture Decode ===
  Level 0 → 1: 6130 voxels
  Level 1 → 2: 27289 voxels
  Level 2 → 3: 117613 voxels
  Level 3 → 4: 507302 voxels
  Decoded: 3.2s (507,302 voxels, 6 channels)
  PBR attrs: RGB [-0.03, 0.62] metallic [-0.00, 0.00] roughness [0.99, 1.00]

=== Stage 6: Texture Baking ===
  UV unwrap (xatlas): 145,117V 147,630F (3.2s)
    Rasterizing UV space (147,630 tris, 1024x1024, MLX)...
    606,317 pixels covered (0.6s)
    Interpolated 606,317 positions (0.0s)
    Sampled voxel attrs (0.8s)
    Inpainted seams (0.5s)

  Saved: /private/tmp/kaminos-molten-triradial-proposals-0808/artifacts/cat-carrier-revision-050-camera-authority-v0/trellis/revision-050-oblique-negative-35-golem-seed80301/output.glb (8.5MB)

Total: 49.4s
