  Preprocessing /private/tmp/kaminos-handy-candyman-skull-muzzle-0819/artifacts/skull-muzzle-frontal-2026-08-21/flux-basin-atlas-2026-08-21/wave-1/seed-81416/08-polished-low-poly/output.png...
  Background removed
  DINOv3: loaded 412 weight arrays
  Features: (1, 1029, 1024) (MLX)
=== Stage 1: Sparse Structure ===
  Sampled: 29.0s
  3061 sparse voxels at 32³

=== Stage 2a: LR Shape Latent ===
  Sampled: 21.0s (3061 tokens)
  No-cascade: using LR SLat directly (3,061 tokens, grid_size=512)

=== Stage 3: Decode Shape ===
  Level 0 → 1: 14256 voxels
  Level 1 → 2: 69919 voxels
  Level 2 → 3: 334018 voxels
  Level 3 → 4: 1447335 voxels
  Decoded: 19.6s (1,447,335 voxels)
  Subdivision masks: 4 levels

=== Mesh Extraction ===
  1,447,335 voxels, coord range [0, 511], grid_size=512
  Extracted: 1.1s
  1,447,335 vertices, 2,952,636 faces
  Checkpoint saved: mesh_raw (88.2 MB)
  Pre-simplify: 38,109V 99,999F (3.6s)
  Removed 6199 duplicate faces
  Removed 22604 non-manifold faces
  Filled 2264 holes (747 too large, max_perimeter=0.03)
  Cleanup: 38,109V 99,999F → 39,935V 79,261F
  Cleanup: 2.4s

=== Stage 4: Texture SLat ===
  Sampled: 11.5s (3,061 tokens)

=== Stage 5: Texture Decode ===
  Level 0 → 1: 14256 voxels
  Level 1 → 2: 69919 voxels
  Level 2 → 3: 334018 voxels
  Level 3 → 4: 1447335 voxels
  Decoded: 9.3s (1,447,335 voxels, 6 channels)
  PBR attrs: RGB [-0.06, 0.85] metallic [-0.00, 0.01] roughness [0.70, 0.76]
  Checkpoint saved: texture (52.1 MB)

=== Stage 6: Texture Baking ===
  UV unwrap (xatlas): 90,028V 79,261F (1.7s)
    Rasterizing UV space (79,261 tris, 512x512, MLX)...
    168,632 pixels covered (0.4s)
    Interpolated 168,632 positions (0.0s)
    Sampled voxel attrs (0.6s)
    Inpainted seams (0.1s)

  Saved: /private/tmp/kaminos-handy-candyman-skull-muzzle-0819/artifacts/skull-muzzle-frontal-2026-08-21/flux-basin-atlas-2026-08-21/trellis-probes/broad-planes-81416/trellis-81421/output.glb (4.4MB)

Total: 111.9s
