  Preprocessing /private/tmp/kaminos-handy-candyman-skull-muzzle-0819/artifacts/skull-muzzle-frontal-2026-08-21/flux-basin-atlas-2026-08-21/wave-1/seed-81416/01-hybrid-broad-sculpture/output.png...
  Background removed
  DINOv3: loaded 412 weight arrays
  Features: (1, 1029, 1024) (MLX)
=== Stage 1: Sparse Structure ===
  Sampled: 61.8s
  3874 sparse voxels at 32³

=== Stage 2a: LR Shape Latent ===
  Sampled: 47.8s (3874 tokens)

=== Stage 2b: Upsample → HR coordinates ===
  Level 0 → 1: 16459 voxels
  Level 1 → 2: 67573 voxels
  Level 2 → 3: 274592 voxels
  Level 3 → 4: 1105228 voxels
  Upsampled: 15.0s (1,105,228 voxels)
  HR coords: 15,818 tokens at res 1024, coord range [0, 63]

=== Stage 2c: HR Shape Latent ===
  Sampled: 554.4s (15,818 tokens)

=== Stage 3: Decode Shape ===
  Level 0 → 1: 66367 voxels
  Level 1 → 2: 271246 voxels
  Level 2 → 3: 1083132 voxels
  Level 3 → 4: 4328560 voxels
  Decoded: 84.8s (4,328,560 voxels)
  Subdivision masks: 4 levels

=== Mesh Extraction ===
  4,328,560 voxels, coord range [0, 1023], grid_size=1024
  Extracted: 10.0s
  4,328,560 vertices, 8,579,410 faces
  Checkpoint saved: mesh_raw (257.8 MB)
  Pre-simplify: 47,403V 106,526F (10.1s)
  Removed 3164 duplicate faces
  Removed 16941 non-manifold faces
  Filled 3860 holes (311 too large, max_perimeter=0.03)
  Cleanup: 47,403V 106,526F → 50,382V 100,193F
  Cleanup: 3.1s

=== Stage 4: Texture SLat ===
  Sampled: 189.1s (15,818 tokens)

=== Stage 5: Texture Decode ===
  Level 0 → 1: 66367 voxels
  Level 1 → 2: 271246 voxels
  Level 2 → 3: 1083132 voxels
  Level 3 → 4: 4328560 voxels
  Decoded: 37.7s (4,328,560 voxels, 6 channels)
  PBR attrs: RGB [-0.01, 0.91] metallic [-0.07, 1.03] roughness [-0.17, 1.00]
  Checkpoint saved: texture (155.8 MB)

=== Stage 6: Texture Baking ===
  UV unwrap (xatlas): 111,047V 100,193F (2.0s)
    Rasterizing UV space (100,193 tris, 4096x4096, MLX)...
    9,985,211 pixels covered (4.3s)
    Interpolated 9,985,211 positions (0.6s)
    Sampled voxel attrs (14.8s)
    Inpainted seams (6.1s)

  Saved: /private/tmp/kaminos-handy-candyman-skull-muzzle-0819/artifacts/skull-muzzle-frontal-2026-08-21/trellis-high-resolution-assay-2026-08-22/strong-identity-hybrid-81416/trellis-81421-r1024/output.glb (32.0MB)

Total: 1075.2s
